Archive member included to satisfy reference by file (symbol)

/opt/st/stm32cubeide_1.11.0/plugins/com.st.stm32cube.ide.mcu.externaltools.gnu-tools-for-stm32.10.3-2021.10.linux64_1.0.100.202210260954/tools/bin/../lib/gcc/arm-none-eabi/10.3.1/../../../../arm-none-eabi/lib/thumb/v7e-m+fp/hard/libc_nano.a(lib_a-calloc.o)
                              ./Middlewares/ST/STM32_USB_Host_Library/Class/HID/Src/usbh_hid.o (calloc)
/opt/st/stm32cubeide_1.11.0/plugins/com.st.stm32cube.ide.mcu.externaltools.gnu-tools-for-stm32.10.3-2021.10.linux64_1.0.100.202210260954/tools/bin/../lib/gcc/arm-none-eabi/10.3.1/../../../../arm-none-eabi/lib/thumb/v7e-m+fp/hard/libc_nano.a(lib_a-errno.o)
                              ./src/syscalls.o (__errno)
/opt/st/stm32cubeide_1.11.0/plugins/com.st.stm32cube.ide.mcu.externaltools.gnu-tools-for-stm32.10.3-2021.10.linux64_1.0.100.202210260954/tools/bin/../lib/gcc/arm-none-eabi/10.3.1/../../../../arm-none-eabi/lib/thumb/v7e-m+fp/hard/libc_nano.a(lib_a-exit.o)
                              /opt/st/stm32cubeide_1.11.0/plugins/com.st.stm32cube.ide.mcu.externaltools.gnu-tools-for-stm32.10.3-2021.10.linux64_1.0.100.202210260954/tools/bin/../lib/gcc/arm-none-eabi/10.3.1/../../../../arm-none-eabi/lib/thumb/v7e-m+fp/hard/crt0.o (exit)
/opt/st/stm32cubeide_1.11.0/plugins/com.st.stm32cube.ide.mcu.externaltools.gnu-tools-for-stm32.10.3-2021.10.linux64_1.0.100.202210260954/tools/bin/../lib/gcc/arm-none-eabi/10.3.1/../../../../arm-none-eabi/lib/thumb/v7e-m+fp/hard/libc_nano.a(lib_a-impure.o)
                              /opt/st/stm32cubeide_1.11.0/plugins/com.st.stm32cube.ide.mcu.externaltools.gnu-tools-for-stm32.10.3-2021.10.linux64_1.0.100.202210260954/tools/bin/../lib/gcc/arm-none-eabi/10.3.1/../../../../arm-none-eabi/lib/thumb/v7e-m+fp/hard/libc_nano.a(lib_a-exit.o) (_global_impure_ptr)
/opt/st/stm32cubeide_1.11.0/plugins/com.st.stm32cube.ide.mcu.externaltools.gnu-tools-for-stm32.10.3-2021.10.linux64_1.0.100.202210260954/tools/bin/../lib/gcc/arm-none-eabi/10.3.1/../../../../arm-none-eabi/lib/thumb/v7e-m+fp/hard/libc_nano.a(lib_a-init.o)
                              /opt/st/stm32cubeide_1.11.0/plugins/com.st.stm32cube.ide.mcu.externaltools.gnu-tools-for-stm32.10.3-2021.10.linux64_1.0.100.202210260954/tools/bin/../lib/gcc/arm-none-eabi/10.3.1/../../../../arm-none-eabi/lib/thumb/v7e-m+fp/hard/crt0.o (__libc_init_array)
/opt/st/stm32cubeide_1.11.0/plugins/com.st.stm32cube.ide.mcu.externaltools.gnu-tools-for-stm32.10.3-2021.10.linux64_1.0.100.202210260954/tools/bin/../lib/gcc/arm-none-eabi/10.3.1/../../../../arm-none-eabi/lib/thumb/v7e-m+fp/hard/libc_nano.a(lib_a-malloc.o)
                              ./src/main.o (malloc)
/opt/st/stm32cubeide_1.11.0/plugins/com.st.stm32cube.ide.mcu.externaltools.gnu-tools-for-stm32.10.3-2021.10.linux64_1.0.100.202210260954/tools/bin/../lib/gcc/arm-none-eabi/10.3.1/../../../../arm-none-eabi/lib/thumb/v7e-m+fp/hard/libc_nano.a(lib_a-memset.o)
                              /opt/st/stm32cubeide_1.11.0/plugins/com.st.stm32cube.ide.mcu.externaltools.gnu-tools-for-stm32.10.3-2021.10.linux64_1.0.100.202210260954/tools/bin/../lib/gcc/arm-none-eabi/10.3.1/../../../../arm-none-eabi/lib/thumb/v7e-m+fp/hard/crt0.o (memset)
/opt/st/stm32cubeide_1.11.0/plugins/com.st.stm32cube.ide.mcu.externaltools.gnu-tools-for-stm32.10.3-2021.10.linux64_1.0.100.202210260954/tools/bin/../lib/gcc/arm-none-eabi/10.3.1/../../../../arm-none-eabi/lib/thumb/v7e-m+fp/hard/libc_nano.a(lib_a-nano-callocr.o)
                              /opt/st/stm32cubeide_1.11.0/plugins/com.st.stm32cube.ide.mcu.externaltools.gnu-tools-for-stm32.10.3-2021.10.linux64_1.0.100.202210260954/tools/bin/../lib/gcc/arm-none-eabi/10.3.1/../../../../arm-none-eabi/lib/thumb/v7e-m+fp/hard/libc_nano.a(lib_a-calloc.o) (_calloc_r)
/opt/st/stm32cubeide_1.11.0/plugins/com.st.stm32cube.ide.mcu.externaltools.gnu-tools-for-stm32.10.3-2021.10.linux64_1.0.100.202210260954/tools/bin/../lib/gcc/arm-none-eabi/10.3.1/../../../../arm-none-eabi/lib/thumb/v7e-m+fp/hard/libc_nano.a(lib_a-nano-freer.o)
                              /opt/st/stm32cubeide_1.11.0/plugins/com.st.stm32cube.ide.mcu.externaltools.gnu-tools-for-stm32.10.3-2021.10.linux64_1.0.100.202210260954/tools/bin/../lib/gcc/arm-none-eabi/10.3.1/../../../../arm-none-eabi/lib/thumb/v7e-m+fp/hard/libc_nano.a(lib_a-malloc.o) (_free_r)
/opt/st/stm32cubeide_1.11.0/plugins/com.st.stm32cube.ide.mcu.externaltools.gnu-tools-for-stm32.10.3-2021.10.linux64_1.0.100.202210260954/tools/bin/../lib/gcc/arm-none-eabi/10.3.1/../../../../arm-none-eabi/lib/thumb/v7e-m+fp/hard/libc_nano.a(lib_a-nano-mallocr.o)
                              /opt/st/stm32cubeide_1.11.0/plugins/com.st.stm32cube.ide.mcu.externaltools.gnu-tools-for-stm32.10.3-2021.10.linux64_1.0.100.202210260954/tools/bin/../lib/gcc/arm-none-eabi/10.3.1/../../../../arm-none-eabi/lib/thumb/v7e-m+fp/hard/libc_nano.a(lib_a-malloc.o) (_malloc_r)
[...]
Memory Configuration

Name             Origin             Length             Attributes
FLASH            0x0000000008000000 0x0000000000100000 xr
RAM              0x0000000020000000 0x0000000000030000 xrw
MEMORY_B1        0x0000000060000000 0x0000000000000000 xr
*default*        0x0000000000000000 0xffffffffffffffff

Linker script and memory map

LOAD /opt/st/stm32cubeide_1.11.0/plugins/com.st.stm32cube.ide.mcu.externaltools.gnu-tools-for-stm32.10.3-2021.10.linux64_1.0.100.202210260954/tools/bin/../lib/gcc/arm-none-eabi/10.3.1/thumb/v7e-m+fp/hard/crti.o
LOAD /opt/st/stm32cubeide_1.11.0/plugins/com.st.stm32cube.ide.mcu.externaltools.gnu-tools-for-stm32.10.3-2021.10.linux64_1.0.100.202210260954/tools/bin/../lib/gcc/arm-none-eabi/10.3.1/thumb/v7e-m+fp/hard/crtbegin.o
LOAD /opt/st/stm32cubeide_1.11.0/plugins/com.st.stm32cube.ide.mcu.externaltools.gnu-tools-for-stm32.10.3-2021.10.linux64_1.0.100.202210260954/tools/bin/../lib/gcc/arm-none-eabi/10.3.1/../../../../arm-none-eabi/lib/thumb/v7e-m+fp/hard/crt0.o
LOAD ./HAL_Driver/Src/stm32f4xx_hal.o
LOAD ./HAL_Driver/Src/stm32f4xx_hal_cortex.o
LOAD ./HAL_Driver/Src/stm32f4xx_hal_dma.o
LOAD ./HAL_Driver/Src/stm32f4xx_hal_dma_ex.o
LOAD ./HAL_Driver/Src/stm32f4xx_hal_flash.o
LOAD ./HAL_Driver/Src/stm32f4xx_hal_flash_ex.o
LOAD ./HAL_Driver/Src/stm32f4xx_hal_flash_ramfunc.o
LOAD ./HAL_Driver/Src/stm32f4xx_hal_gpio.o
LOAD ./HAL_Driver/Src/stm32f4xx_hal_hcd.o
LOAD ./HAL_Driver/Src/stm32f4xx_hal_i2c_ex.o
LOAD ./HAL_Driver/Src/stm32f4xx_hal_pcd.o
LOAD ./HAL_Driver/Src/stm32f4xx_hal_pcd_ex.o
LOAD ./HAL_Driver/Src/stm32f4xx_hal_pwr.o
LOAD ./HAL_Driver/Src/stm32f4xx_hal_pwr_ex.o
LOAD ./HAL_Driver/Src/stm32f4xx_hal_rcc.o
LOAD ./HAL_Driver/Src/stm32f4xx_hal_rcc_ex.o
LOAD ./HAL_Driver/Src/stm32f4xx_hal_tim.o
LOAD ./HAL_Driver/Src/stm32f4xx_hal_tim_ex.o
LOAD ./HAL_Driver/Src/stm32f4xx_hal_uart.o
LOAD ./HAL_Driver/Src/stm32f4xx_hal_usart.o
LOAD ./HAL_Driver/Src/stm32f4xx_ll_usb.o
LOAD ./Middlewares/ST/STM32_USB_Host_Library/Class/HID/Src/usbh_hid.o
LOAD ./Middlewares/ST/STM32_USB_Host_Library/Class/HID/Src/usbh_hid_keybd.o
LOAD ./Middlewares/ST/STM32_USB_Host_Library/Class/HID/Src/usbh_hid_mouse.o
LOAD ./Middlewares/ST/STM32_USB_Host_Library/Class/HID/Src/usbh_hid_parser.o
LOAD ./Middlewares/ST/STM32_USB_Host_Library/Class/HUB/usbh_hub.o
LOAD ./Middlewares/ST/STM32_USB_Host_Library/Core/Src/usbh_core.o
LOAD ./Middlewares/ST/STM32_USB_Host_Library/Core/Src/usbh_ctlreq.o
LOAD ./Middlewares/ST/STM32_USB_Host_Library/Core/Src/usbh_ioreq.o
LOAD ./Middlewares/ST/STM32_USB_Host_Library/Core/Src/usbh_pipes.o
LOAD ./Utilities/STM32F4-Discovery/stm32f4_discovery.o
LOAD ./Utilities/STM32F4-Diymore/stm32f4_diymore.o
LOAD ./src/log.o
LOAD ./src/main.o
LOAD ./src/stm32f4xx_it.o
LOAD ./src/syscalls.o
LOAD ./src/system_stm32f4xx.o
LOAD ./src/usbh_conf.o
LOAD ./startup/startup_stm32f407xx.o
START GROUP
LOAD /opt/st/stm32cubeide_1.11.0/plugins/com.st.stm32cube.ide.mcu.externaltools.gnu-tools-for-stm32.10.3-2021.10.linux64_1.0.100.202210260954/tools/bin/../lib/gcc/arm-none-eabi/10.3.1/../../../../arm-none-eabi/lib/thumb/v7e-m+fp/hard/libc_nano.a
LOAD /opt/st/stm32cubeide_1.11.0/plugins/com.st.stm32cube.ide.mcu.externaltools.gnu-tools-for-stm32.10.3-2021.10.linux64_1.0.100.202210260954/tools/bin/../lib/gcc/arm-none-eabi/10.3.1/../../../../arm-none-eabi/lib/thumb/v7e-m+fp/hard/libm.a
END GROUP
START GROUP
LOAD /opt/st/stm32cubeide_1.11.0/plugins/com.st.stm32cube.ide.mcu.externaltools.gnu-tools-for-stm32.10.3-2021.10.linux64_1.0.100.202210260954/tools/bin/../lib/gcc/arm-none-eabi/10.3.1/thumb/v7e-m+fp/hard/libgcc.a
LOAD /opt/st/stm32cubeide_1.11.0/plugins/com.st.stm32cube.ide.mcu.externaltools.gnu-tools-for-stm32.10.3-2021.10.linux64_1.0.100.202210260954/tools/bin/../lib/gcc/arm-none-eabi/10.3.1/../../../../arm-none-eabi/lib/thumb/v7e-m+fp/hard/libc_nano.a
END GROUP
START GROUP
LOAD /opt/st/stm32cubeide_1.11.0/plugins/com.st.stm32cube.ide.mcu.externaltools.gnu-tools-for-stm32.10.3-2021.10.linux64_1.0.100.202210260954/tools/bin/../lib/gcc/arm-none-eabi/10.3.1/thumb/v7e-m+fp/hard/libgcc.a
LOAD /opt/st/stm32cubeide_1.11.0/plugins/com.st.stm32cube.ide.mcu.externaltools.gnu-tools-for-stm32.10.3-2021.10.linux64_1.0.100.202210260954/tools/bin/../lib/gcc/arm-none-eabi/10.3.1/../../../../arm-none-eabi/lib/thumb/v7e-m+fp/hard/libc_nano.a
LOAD /opt/st/stm32cubeide_1.11.0/plugins/com.st.stm32cube.ide.mcu.externaltools.gnu-tools-for-stm32.10.3-2021.10.linux64_1.0.100.202210260954/tools/bin/../lib/gcc/arm-none-eabi/10.3.1/../../../../arm-none-eabi/lib/thumb/v7e-m+fp/hard/libnosys.a
END GROUP
START GROUP
LOAD /opt/st/stm32cubeide_1.11.0/plugins/com.st.stm32cube.ide.mcu.externaltools.gnu-tools-for-stm32.10.3-2021.10.linux64_1.0.100.202210260954/tools/bin/../lib/gcc/arm-none-eabi/10.3.1/thumb/v7e-m+fp/hard/libgcc.a
LOAD /opt/st/stm32cubeide_1.11.0/plugins/com.st.stm32cube.ide.mcu.externaltools.gnu-tools-for-stm32.10.3-2021.10.linux64_1.0.100.202210260954/tools/bin/../lib/gcc/arm-none-eabi/10.3.1/../../../../arm-none-eabi/lib/thumb/v7e-m+fp/hard/libc_nano.a
LOAD /opt/st/stm32cubeide_1.11.0/plugins/com.st.stm32cube.ide.mcu.externaltools.gnu-tools-for-stm32.10.3-2021.10.linux64_1.0.100.202210260954/tools/bin/../lib/gcc/arm-none-eabi/10.3.1/../../../../arm-none-eabi/lib/thumb/v7e-m+fp/hard/libnosys.a
END GROUP
LOAD /opt/st/stm32cubeide_1.11.0/plugins/com.st.stm32cube.ide.mcu.externaltools.gnu-tools-for-stm32.10.3-2021.10.linux64_1.0.100.202210260954/tools/bin/../lib/gcc/arm-none-eabi/10.3.1/thumb/v7e-m+fp/hard/crtend.o
LOAD /opt/st/stm32cubeide_1.11.0/plugins/com.st.stm32cube.ide.mcu.externaltools.gnu-tools-for-stm32.10.3-2021.10.linux64_1.0.100.202210260954/tools/bin/../lib/gcc/arm-none-eabi/10.3.1/thumb/v7e-m+fp/hard/crtn.o
                0x0000000020020000                _estack = 0x20020000
                0x0000000000000000                _Min_Heap_Size = 0x0
                0x0000000000000400                _Min_Stack_Size = 0x400

.isr_vector     0x0000000008000000      0x188
                0x0000000008000000                . = ALIGN (0x4)
 *(.isr_vector)
 .isr_vector    0x0000000008000000      0x188 ./startup/startup_stm32f407xx.o
                0x0000000008000000                g_pfnVectors
                0x0000000008000188                . = ALIGN (0x4)

.text           0x0000000008000190     0x6cb8
                0x0000000008000190                . = ALIGN (0x4)
 *(.text)
 .text          0x0000000008000190       0x40 /opt/st/stm32cubeide_1.11.0/plugins/com.st.stm32cube.ide.mcu.externaltools.gnu-tools-for-stm32.10.3-2021.10.linux64_1.0.100.202210260954/tools/bin/../lib/gcc/arm-none-eabi/10.3.1/thumb/v7e-m+fp/hard/crtbegin.o
 .text          0x00000000080001d0       0x10 /opt/st/stm32cubeide_1.11.0/plugins/com.st.stm32cube.ide.mcu.externaltools.gnu-tools-for-stm32.10.3-2021.10.linux64_1.0.100.202210260954/tools/bin/../lib/gcc/arm-none-eabi/10.3.1/../../../../arm-none-eabi/lib/thumb/v7e-m+fp/hard/libc_nano.a(lib_a-strlen.o)
                0x00000000080001d0                strlen
 .text          0x00000000080001e0       0xa0 /opt/st/stm32cubeide_1.11.0/plugins/com.st.stm32cube.ide.mcu.externaltools.gnu-tools-for-stm32.10.3-2021.10.linux64_1.0.100.202210260954/tools/bin/../lib/gcc/arm-none-eabi/10.3.1/../../../../arm-none-eabi/lib/thumb/v7e-m+fp/hard/libc_nano.a(lib_a-memchr.o)
                0x00000000080001e0                memchr
 *(.text*)
 .text.HAL_MspInit
                0x0000000008000280        0x4 ./HAL_Driver/Src/stm32f4xx_hal.o
                0x0000000008000280                HAL_MspInit
 .text.HAL_InitTick
                0x0000000008000284       0x30 ./HAL_Driver/Src/stm32f4xx_hal.o
                0x0000000008000284                HAL_InitTick
 .text.HAL_Init
                0x00000000080002b4       0x2c ./HAL_Driver/Src/stm32f4xx_hal.o
                0x00000000080002b4                HAL_Init
 .text.HAL_IncTick
                0x00000000080002e0       0x10 ./HAL_Driver/Src/stm32f4xx_hal.o
                0x00000000080002e0                HAL_IncTick
 .text.HAL_GetTick
                0x00000000080002f0        0xc ./HAL_Driver/Src/stm32f4xx_hal.o
                0x00000000080002f0                HAL_GetTick
 .text.HAL_Delay
                0x00000000080002fc       0x1c ./HAL_Driver/Src/stm32f4xx_hal.o
                0x00000000080002fc                HAL_Delay
 .text.HAL_NVIC_SetPriorityGrouping
                0x0000000008000318       0x24 ./HAL_Driver/Src/stm32f4xx_hal_cortex.o
                0x0000000008000318                HAL_NVIC_SetPriorityGrouping
 .text.HAL_NVIC_SetPriority
                0x000000000800033c       0x7c ./HAL_Driver/Src/stm32f4xx_hal_cortex.o
                0x000000000800033c                HAL_NVIC_SetPriority
 .text.HAL_NVIC_EnableIRQ
                0x00000000080003b8       0x18 ./HAL_Driver/Src/stm32f4xx_hal_cortex.o
                0x00000000080003b8                HAL_NVIC_EnableIRQ
 .text.HAL_SYSTICK_Config
                0x00000000080003d0       0x34 ./HAL_Driver/Src/stm32f4xx_hal_cortex.o
                0x00000000080003d0                HAL_SYSTICK_Config
 .text.HAL_NVIC_ClearPendingIRQ
                0x0000000008000404       0x1c ./HAL_Driver/Src/stm32f4xx_hal_cortex.o
                0x0000000008000404                HAL_NVIC_ClearPendingIRQ
 .text.HAL_SYSTICK_Callback
                0x0000000008000420        0x4 ./HAL_Driver/Src/stm32f4xx_hal_cortex.o
                0x0000000008000420                HAL_SYSTICK_Callback
 .text.HAL_SYSTICK_IRQHandler
                0x0000000008000424        0x8 ./HAL_Driver/Src/stm32f4xx_hal_cortex.o
                0x0000000008000424                HAL_SYSTICK_IRQHandler
 .text.HAL_GPIO_Init
                0x000000000800042c      0x278 ./HAL_Driver/Src/stm32f4xx_hal_gpio.o
                0x000000000800042c                HAL_GPIO_Init
 .text.HAL_GPIO_WritePin
                0x00000000080006a4        0x8 ./HAL_Driver/Src/stm32f4xx_hal_gpio.o
                0x00000000080006a4                HAL_GPIO_WritePin
 .text.HAL_GPIO_TogglePin
                0x00000000080006ac        0x8 ./HAL_Driver/Src/stm32f4xx_hal_gpio.o
                0x00000000080006ac                HAL_GPIO_TogglePin
 .text.HAL_HCD_HC_Init
                0x00000000080006b4       0x70 ./HAL_Driver/Src/stm32f4xx_hal_hcd.o
                0x00000000080006b4                HAL_HCD_HC_Init
 .text.HAL_HCD_HC_Halt
                0x0000000008000724       0x24 ./HAL_Driver/Src/stm32f4xx_hal_hcd.o
                0x0000000008000724                HAL_HCD_HC_Halt
 .text.HAL_HCD_Init
                0x0000000008000748       0x84 ./HAL_Driver/Src/stm32f4xx_hal_hcd.o
                0x0000000008000748                HAL_HCD_Init
 .text.HAL_HCD_HC_SubmitRequest
                0x00000000080007cc      0x118 ./HAL_Driver/Src/stm32f4xx_hal_hcd.o
                0x00000000080007cc                HAL_HCD_HC_SubmitRequest
 .text.HAL_HCD_IRQHandler
                0x00000000080008e4      0x75c ./HAL_Driver/Src/stm32f4xx_hal_hcd.o
                0x00000000080008e4                HAL_HCD_IRQHandler
 .text.HAL_HCD_Start
                0x0000000008001040       0x2c ./HAL_Driver/Src/stm32f4xx_hal_hcd.o
                0x0000000008001040                HAL_HCD_Start
 .text.HAL_HCD_Stop
                0x000000000800106c       0x24 ./HAL_Driver/Src/stm32f4xx_hal_hcd.o
                0x000000000800106c                HAL_HCD_Stop
 .text.HAL_HCD_StopHC
                0x0000000008001090       0x24 ./HAL_Driver/Src/stm32f4xx_hal_hcd.o
                0x0000000008001090                HAL_HCD_StopHC
 .text.HAL_HCD_ResetPort
                0x00000000080010b4        0x8 ./HAL_Driver/Src/stm32f4xx_hal_hcd.o
                0x00000000080010b4                HAL_HCD_ResetPort
 .text.HAL_HCD_HC_GetURBState
                0x00000000080010bc       0x10 ./HAL_Driver/Src/stm32f4xx_hal_hcd.o
                0x00000000080010bc                HAL_HCD_HC_GetURBState
 .text.HAL_HCD_GetCurrentFrame
                0x00000000080010cc        0x8 ./HAL_Driver/Src/stm32f4xx_hal_hcd.o
                0x00000000080010cc                HAL_HCD_GetCurrentFrame
 .text.HAL_HCD_GetCurrentSpeed
                0x00000000080010d4        0x8 ./HAL_Driver/Src/stm32f4xx_hal_hcd.o
                0x00000000080010d4                HAL_HCD_GetCurrentSpeed
 .text.HAL_RCC_OscConfig
                0x00000000080010dc      0x34c ./HAL_Driver/Src/stm32f4xx_hal_rcc.o
                0x00000000080010dc                HAL_RCC_OscConfig
 .text.HAL_RCC_ClockConfig
                0x0000000008001428      0x208 ./HAL_Driver/Src/stm32f4xx_hal_rcc.o
                0x0000000008001428                HAL_RCC_ClockConfig
 .text.HAL_RCC_GetSysClockFreq
                0x0000000008001630       0x74 ./HAL_Driver/Src/stm32f4xx_hal_rcc.o
                0x0000000008001630                HAL_RCC_GetSysClockFreq
 .text.HAL_RCC_GetHCLKFreq
                0x00000000080016a4       0x34 ./HAL_Driver/Src/stm32f4xx_hal_rcc.o
                0x00000000080016a4                HAL_RCC_GetHCLKFreq
 .text.HAL_RCC_GetPCLK1Freq
                0x00000000080016d8       0x4c ./HAL_Driver/Src/stm32f4xx_hal_rcc.o
                0x00000000080016d8                HAL_RCC_GetPCLK1Freq
 .text.HAL_RCC_GetPCLK2Freq
                0x0000000008001724       0x4c ./HAL_Driver/Src/stm32f4xx_hal_rcc.o
                0x0000000008001724                HAL_RCC_GetPCLK2Freq
 .text.UART_SetConfig
                0x0000000008001770      0x1a0 ./HAL_Driver/Src/stm32f4xx_hal_uart.o
 .text.HAL_UART_MspInit
                0x0000000008001910        0x4 ./HAL_Driver/Src/stm32f4xx_hal_uart.o
                0x0000000008001910                HAL_UART_MspInit
 .text.HAL_UART_Init
                0x0000000008001914       0x60 ./HAL_Driver/Src/stm32f4xx_hal_uart.o
                0x0000000008001914                HAL_UART_Init
 .text.HAL_UART_Transmit
                0x0000000008001974      0x170 ./HAL_Driver/Src/stm32f4xx_hal_uart.o
                0x0000000008001974                HAL_UART_Transmit
 .text.USB_HC_StartXfer
                0x0000000008001ae4      0x368 ./HAL_Driver/Src/stm32f4xx_ll_usb.o
                0x0000000008001ae4                USB_HC_StartXfer
 .text.USB_HC_ReadInterrupt
                0x0000000008001e4c       0x20 ./HAL_Driver/Src/stm32f4xx_ll_usb.o
                0x0000000008001e4c                USB_HC_ReadInterrupt
 .text.USB_HC_Halt
                0x0000000008001e6c      0x1f4 ./HAL_Driver/Src/stm32f4xx_ll_usb.o
                0x0000000008001e6c                USB_HC_Halt
 .text.USB_DoPing
                0x0000000008002060       0x74 ./HAL_Driver/Src/stm32f4xx_ll_usb.o
                0x0000000008002060                USB_DoPing
 .text.USB_StopHost
                0x00000000080020d4      0x108 ./HAL_Driver/Src/stm32f4xx_ll_usb.o
                0x00000000080020d4                USB_StopHost
 .text.USB_StopHostChannel
                0x00000000080021dc       0xc4 ./HAL_Driver/Src/stm32f4xx_ll_usb.o
                0x00000000080021dc                USB_StopHostChannel
 .text.USB_CoreInit
                0x00000000080022a0       0xb4 ./HAL_Driver/Src/stm32f4xx_ll_usb.o
                0x00000000080022a0                USB_CoreInit
 .text.USB_EnableGlobalInt
                0x0000000008002354       0x10 ./HAL_Driver/Src/stm32f4xx_ll_usb.o
                0x0000000008002354                USB_EnableGlobalInt
 .text.USB_DisableGlobalInt
                0x0000000008002364       0x10 ./HAL_Driver/Src/stm32f4xx_ll_usb.o
                0x0000000008002364                USB_DisableGlobalInt
 .text.USB_SetCurrentMode
                0x0000000008002374       0x34 ./HAL_Driver/Src/stm32f4xx_ll_usb.o
                0x0000000008002374                USB_SetCurrentMode
 .text.USB_FlushTxFifo
                0x00000000080023a8       0x24 ./HAL_Driver/Src/stm32f4xx_ll_usb.o
                0x00000000080023a8                USB_FlushTxFifo
 .text.USB_FlushRxFifo
                0x00000000080023cc       0x20 ./HAL_Driver/Src/stm32f4xx_ll_usb.o
                0x00000000080023cc                USB_FlushRxFifo
 .text.USB_WritePacket
                0x00000000080023ec       0x30 ./HAL_Driver/Src/stm32f4xx_ll_usb.o
                0x00000000080023ec                USB_WritePacket
 .text.USB_ReadPacket
                0x000000000800241c       0x2c ./HAL_Driver/Src/stm32f4xx_ll_usb.o
                0x000000000800241c                USB_ReadPacket
 .text.USB_ReadInterrupts
                0x0000000008002448        0x8 ./HAL_Driver/Src/stm32f4xx_ll_usb.o
                0x0000000008002448                USB_ReadInterrupts
 .text.USB_GetMode
                0x0000000008002450        0x8 ./HAL_Driver/Src/stm32f4xx_ll_usb.o
                0x0000000008002450                USB_GetMode
 .text.USB_HostInit
                0x0000000008002458      0x120 ./HAL_Driver/Src/stm32f4xx_ll_usb.o
                0x0000000008002458                USB_HostInit
 .text.USB_InitFSLSPClkSel
                0x0000000008002578       0x3c ./HAL_Driver/Src/stm32f4xx_ll_usb.o
                0x0000000008002578                USB_InitFSLSPClkSel
 .text.USB_ResetPort
                0x00000000080025b4       0x34 ./HAL_Driver/Src/stm32f4xx_ll_usb.o
                0x00000000080025b4                USB_ResetPort
 .text.USB_DriveVbus
                0x00000000080025e8       0x44 ./HAL_Driver/Src/stm32f4xx_ll_usb.o
                0x00000000080025e8                USB_DriveVbus
 .text.USB_GetHostSpeed
                0x000000000800262c       0x14 ./HAL_Driver/Src/stm32f4xx_ll_usb.o
                0x000000000800262c                USB_GetHostSpeed
 .text.USB_GetCurrentFrame
                0x0000000008002640        0xc ./HAL_Driver/Src/stm32f4xx_ll_usb.o
                0x0000000008002640                USB_GetCurrentFrame
 .text.USB_HC_Init
                0x000000000800264c       0xfc ./HAL_Driver/Src/stm32f4xx_ll_usb.o
                0x000000000800264c                USB_HC_Init
 .text.USBH_HID_SOFProcess
                0x0000000008002748       0x4c ./Middlewares/ST/STM32_USB_Host_Library/Class/HID/Src/usbh_hid.o
 .text.USBH_HID_InterfaceDeInit
                0x0000000008002794       0x9c ./Middlewares/ST/STM32_USB_Host_Library/Class/HID/Src/usbh_hid.o
 .text.create_handle
                0x0000000008002830       0x24 ./Middlewares/ST/STM32_USB_Host_Library/Class/HID/Src/usbh_hid.o
 .text.USBH_HID_ClassRequest
                0x0000000008002854       0x74 ./Middlewares/ST/STM32_USB_Host_Library/Class/HID/Src/usbh_hid.o
 .text.USBH_HID_Parameter
                0x00000000080028c8       0x94 ./Middlewares/ST/STM32_USB_Host_Library/Class/HID/Src/usbh_hid.o
 .text.USBH_HID_InterfaceInit
                0x000000000800295c      0x3c0 ./Middlewares/ST/STM32_USB_Host_Library/Class/HID/Src/usbh_hid.o
 .text.USBH_HID_GetDeviceType
                0x0000000008002d1c       0x2c ./Middlewares/ST/STM32_USB_Host_Library/Class/HID/Src/usbh_hid.o
                0x0000000008002d1c                USBH_HID_GetDeviceType
 .text.fifo_init
                0x0000000008002d48        0xc ./Middlewares/ST/STM32_USB_Host_Library/Class/HID/Src/usbh_hid.o
                0x0000000008002d48                fifo_init
 .text.fifo_read
                0x0000000008002d54       0x7c ./Middlewares/ST/STM32_USB_Host_Library/Class/HID/Src/usbh_hid.o
                0x0000000008002d54                fifo_read
 .text.USBH_HID_EventCallback
                0x0000000008002dd0        0x4 ./Middlewares/ST/STM32_USB_Host_Library/Class/HID/Src/usbh_hid.o
                0x0000000008002dd0                USBH_HID_EventCallback
 .text.USBH_HID_Process
                0x0000000008002dd4      0x110 ./Middlewares/ST/STM32_USB_Host_Library/Class/HID/Src/usbh_hid.o
 .text.USBH_HID_KeybdInit
                0x0000000008002ee4       0x44 ./Middlewares/ST/STM32_USB_Host_Library/Class/HID/Src/usbh_hid_keybd.o
                0x0000000008002ee4                USBH_HID_KeybdInit
 .text.USBH_HID_GetKeybdInfo
                0x0000000008002f28       0xd8 ./Middlewares/ST/STM32_USB_Host_Library/Class/HID/Src/usbh_hid_keybd.o
                0x0000000008002f28                USBH_HID_GetKeybdInfo
 .text.USBH_HID_MouseInit
                0x0000000008003000       0x44 ./Middlewares/ST/STM32_USB_Host_Library/Class/HID/Src/usbh_hid_mouse.o
                0x0000000008003000                USBH_HID_MouseInit
 .text.USBH_HID_GetMouseInfo
                0x0000000008003044       0x8c ./Middlewares/ST/STM32_USB_Host_Library/Class/HID/Src/usbh_hid_mouse.o
                0x0000000008003044                USBH_HID_GetMouseInfo
 .text.HID_ReadItem
                0x00000000080030d0       0x98 ./Middlewares/ST/STM32_USB_Host_Library/Class/HID/Src/usbh_hid_parser.o
                0x00000000080030d0                HID_ReadItem
 .text.USBH_HUB_SOFProcess
                0x0000000008003168       0x20 ./Middlewares/ST/STM32_USB_Host_Library/Class/HUB/usbh_hub.o
 .text.USBH_HUB_ClassRequest
                0x0000000008003188       0xd8 ./Middlewares/ST/STM32_USB_Host_Library/Class/HUB/usbh_hub.o
 .text.USBH_HUB_InterfaceDeInit
                0x0000000008003260       0x44 ./Middlewares/ST/STM32_USB_Host_Library/Class/HUB/usbh_hub.o
 .text.USBH_HUB_InterfaceInit
                0x00000000080032a4      0x108 ./Middlewares/ST/STM32_USB_Host_Library/Class/HUB/usbh_hub.o
 .text.detach.constprop.0
                0x00000000080033ac       0xb8 ./Middlewares/ST/STM32_USB_Host_Library/Class/HUB/usbh_hub.o
 .text.USBH_HUB_Process
                0x0000000008003464      0x3e0 ./Middlewares/ST/STM32_USB_Host_Library/Class/HUB/usbh_hub.o
 .text.USBH_Init
                0x0000000008003844       0x68 ./Middlewares/ST/STM32_USB_Host_Library/Core/Src/usbh_core.o
                0x0000000008003844                USBH_Init
 .text.USBH_RegisterClass
                0x00000000080038ac       0x3c ./Middlewares/ST/STM32_USB_Host_Library/Core/Src/usbh_core.o
                0x00000000080038ac                USBH_RegisterClass
 .text.USBH_SelectInterface
                0x00000000080038e8       0x60 ./Middlewares/ST/STM32_USB_Host_Library/Core/Src/usbh_core.o
                0x00000000080038e8                USBH_SelectInterface
 .text.USBH_FindInterface
                0x0000000008003948      0x158 ./Middlewares/ST/STM32_USB_Host_Library/Core/Src/usbh_core.o
                0x0000000008003948                USBH_FindInterface
 .text.USBH_Start
                0x0000000008003aa0       0x14 ./Middlewares/ST/STM32_USB_Host_Library/Core/Src/usbh_core.o
                0x0000000008003aa0                USBH_Start
 .text.USBH_Process
                0x0000000008003ab4      0x528 ./Middlewares/ST/STM32_USB_Host_Library/Core/Src/usbh_core.o
                0x0000000008003ab4                USBH_Process
 .text.USBH_LL_SetTimer
                0x0000000008003fdc        0x8 ./Middlewares/ST/STM32_USB_Host_Library/Core/Src/usbh_core.o
                0x0000000008003fdc                USBH_LL_SetTimer
 .text.USBH_LL_IncTimer
                0x0000000008003fe4       0x20 ./Middlewares/ST/STM32_USB_Host_Library/Core/Src/usbh_core.o
                0x0000000008003fe4                USBH_LL_IncTimer
 .text.USBH_LL_Connect
                0x0000000008004004       0x38 ./Middlewares/ST/STM32_USB_Host_Library/Core/Src/usbh_core.o
                0x0000000008004004                USBH_LL_Connect
 .text.USBH_LL_Disconnect
                0x000000000800403c       0x70 ./Middlewares/ST/STM32_USB_Host_Library/Core/Src/usbh_core.o
                0x000000000800403c                USBH_LL_Disconnect
 .text.USBH_CtlReq.part.0
                0x00000000080040ac      0x1a0 ./Middlewares/ST/STM32_USB_Host_Library/Core/Src/usbh_ctlreq.o
 .text.USBH_Get_DevDesc
                0x000000000800424c       0xd4 ./Middlewares/ST/STM32_USB_Host_Library/Core/Src/usbh_ctlreq.o
                0x000000000800424c                USBH_Get_DevDesc
 .text.USBH_Get_CfgDesc
                0x0000000008004320      0x1e4 ./Middlewares/ST/STM32_USB_Host_Library/Core/Src/usbh_ctlreq.o
                0x0000000008004320                USBH_Get_CfgDesc
 .text.USBH_Get_StringDesc
                0x0000000008004504       0x7c ./Middlewares/ST/STM32_USB_Host_Library/Core/Src/usbh_ctlreq.o
                0x0000000008004504                USBH_Get_StringDesc
 .text.USBH_GetDescriptor
                0x0000000008004580      0x1f8 ./Middlewares/ST/STM32_USB_Host_Library/Core/Src/usbh_ctlreq.o
                0x0000000008004580                USBH_GetDescriptor
 .text.USBH_SetAddress
                0x0000000008004778      0x1c8 ./Middlewares/ST/STM32_USB_Host_Library/Core/Src/usbh_ctlreq.o
                0x0000000008004778                USBH_SetAddress
 .text.USBH_SetCfg
                0x0000000008004940      0x1c8 ./Middlewares/ST/STM32_USB_Host_Library/Core/Src/usbh_ctlreq.o
                0x0000000008004940                USBH_SetCfg
 .text.USBH_ClrFeature
                0x0000000008004b08      0x1c8 ./Middlewares/ST/STM32_USB_Host_Library/Core/Src/usbh_ctlreq.o
                0x0000000008004b08                USBH_ClrFeature
 .text.USBH_CtlReq
                0x0000000008004cd0      0x1b8 ./Middlewares/ST/STM32_USB_Host_Library/Core/Src/usbh_ctlreq.o
                0x0000000008004cd0                USBH_CtlReq
 .text.USBH_CtlSendSetup
                0x0000000008004e88       0x24 ./Middlewares/ST/STM32_USB_Host_Library/Core/Src/usbh_ioreq.o
                0x0000000008004e88                USBH_CtlSendSetup
 .text.USBH_CtlSendData
                0x0000000008004eac       0x30 ./Middlewares/ST/STM32_USB_Host_Library/Core/Src/usbh_ioreq.o
                0x0000000008004eac                USBH_CtlSendData
 .text.USBH_CtlReceiveData
                0x0000000008004edc       0x20 ./Middlewares/ST/STM32_USB_Host_Library/Core/Src/usbh_ioreq.o
                0x0000000008004edc                USBH_CtlReceiveData
 .text.USBH_InterruptReceiveData
                0x0000000008004efc       0x20 ./Middlewares/ST/STM32_USB_Host_Library/Core/Src/usbh_ioreq.o
                0x0000000008004efc                USBH_InterruptReceiveData
 .text.USBH_OpenPipe
                0x0000000008004f1c       0x20 ./Middlewares/ST/STM32_USB_Host_Library/Core/Src/usbh_pipes.o
                0x0000000008004f1c                USBH_OpenPipe
 .text.USBH_ClosePipe
                0x0000000008004f3c        0xc ./Middlewares/ST/STM32_USB_Host_Library/Core/Src/usbh_pipes.o
                0x0000000008004f3c                USBH_ClosePipe
 .text.USBH_AllocPipe
                0x0000000008004f48       0xf4 ./Middlewares/ST/STM32_USB_Host_Library/Core/Src/usbh_pipes.o
                0x0000000008004f48                USBH_AllocPipe
 .text.USBH_FreePipe
                0x000000000800503c       0x1c ./Middlewares/ST/STM32_USB_Host_Library/Core/Src/usbh_pipes.o
                0x000000000800503c                USBH_FreePipe
 .text.BSP_LED_Init
                0x0000000008005058       0x54 ./Utilities/STM32F4-Diymore/stm32f4_diymore.o
                0x0000000008005058                BSP_LED_Init
 .text.BSP_LED_On
                0x00000000080050ac       0x14 ./Utilities/STM32F4-Diymore/stm32f4_diymore.o
                0x00000000080050ac                BSP_LED_On
 .text.BSP_LED_Off
                0x00000000080050c0       0x14 ./Utilities/STM32F4-Diymore/stm32f4_diymore.o
                0x00000000080050c0                BSP_LED_Off
 .text.BSP_UART_Init
                0x00000000080050d4       0x80 ./Utilities/STM32F4-Diymore/stm32f4_diymore.o
                0x00000000080050d4                BSP_UART_Init
 .text.LOG1.constprop.0
                0x0000000008005154       0x44 ./src/log.o
 .text.LOG_INIT
                0x0000000008005198       0x30 ./src/log.o
                0x0000000008005198                LOG_INIT
 .text.LOG      0x00000000080051c8       0x58 ./src/log.o
                0x00000000080051c8                LOG
 .text.LOG_ARRAY
                0x0000000008005220       0x3c ./src/log.o
                0x0000000008005220                LOG_ARRAY
 .text.USBH_UserProcess
                0x000000000800525c        0x4 ./src/main.o
 .text.startup.main
                0x0000000008005260      0x23c ./src/main.o
                0x0000000008005260                main
 .text.SysTick_Handler
                0x000000000800549c       0x10 ./src/stm32f4xx_it.o
                0x000000000800549c                SysTick_Handler
 .text.OTG_FS_IRQHandler
                0x00000000080054ac       0x20 ./src/stm32f4xx_it.o
                0x00000000080054ac                OTG_FS_IRQHandler
 .text.OTG_HS_IRQHandler
                0x00000000080054cc       0x2c ./src/stm32f4xx_it.o
                0x00000000080054cc                OTG_HS_IRQHandler
 .text._sbrk    0x00000000080054f8       0x38 ./src/syscalls.o
                0x00000000080054f8                _sbrk
 .text.SystemInit
                0x0000000008005530       0x50 ./src/system_stm32f4xx.o
                0x0000000008005530                SystemInit
 .text.HAL_HCD_MspInit
                0x0000000008005580      0x128 ./src/usbh_conf.o
                0x0000000008005580                HAL_HCD_MspInit
 .text.HAL_HCD_SOF_Callback
                0x00000000080056a8       0x7c ./src/usbh_conf.o
                0x00000000080056a8                HAL_HCD_SOF_Callback
 .text.HAL_HCD_Connect_Callback
                0x0000000008005724        0x8 ./src/usbh_conf.o
                0x0000000008005724                HAL_HCD_Connect_Callback
 .text.HAL_HCD_Disconnect_Callback
                0x000000000800572c        0x8 ./src/usbh_conf.o
                0x000000000800572c                HAL_HCD_Disconnect_Callback
 .text.HAL_HCD_HC_NotifyURBChange_Callback
                0x0000000008005734        0x4 ./src/usbh_conf.o
                0x0000000008005734                HAL_HCD_HC_NotifyURBChange_Callback
 .text.USBH_LL_Init
                0x0000000008005738       0x70 ./src/usbh_conf.o
                0x0000000008005738                USBH_LL_Init
 .text.USBH_LL_Start
                0x00000000080057a8       0x10 ./src/usbh_conf.o
                0x00000000080057a8                USBH_LL_Start
 .text.USBH_LL_Stop
                0x00000000080057b8       0x10 ./src/usbh_conf.o
                0x00000000080057b8                USBH_LL_Stop
 .text.USBH_LL_StopHC
                0x00000000080057c8       0x10 ./src/usbh_conf.o
                0x00000000080057c8                USBH_LL_StopHC
 .text.USBH_LL_GetSpeed
                0x00000000080057d8       0x28 ./src/usbh_conf.o
                0x00000000080057d8                USBH_LL_GetSpeed
 .text.USBH_LL_ResetPort
                0x0000000008005800       0x10 ./src/usbh_conf.o
                0x0000000008005800                USBH_LL_ResetPort
 .text.USBH_LL_OpenPipe
                0x0000000008005810       0x24 ./src/usbh_conf.o
                0x0000000008005810                USBH_LL_OpenPipe
 .text.USBH_LL_ClosePipe
                0x0000000008005834       0x10 ./src/usbh_conf.o
                0x0000000008005834                USBH_LL_ClosePipe
 .text.USBH_LL_SubmitURB
                0x0000000008005844       0x28 ./src/usbh_conf.o
                0x0000000008005844                USBH_LL_SubmitURB
 .text.USBH_LL_GetURBState
                0x000000000800586c        0x8 ./src/usbh_conf.o
                0x000000000800586c                USBH_LL_GetURBState
 .text.USBH_LL_DriverVBUS
                0x0000000008005874       0x8c ./src/usbh_conf.o
                0x0000000008005874                USBH_LL_DriverVBUS
 .text.USBH_LL_SetToggle
                0x0000000008005900       0x34 ./src/usbh_conf.o
                0x0000000008005900                USBH_LL_SetToggle
 .text.USBH_Delay
                0x0000000008005934        0x4 ./src/usbh_conf.o
                0x0000000008005934                USBH_Delay
 .text.USBH_LL_SetupEP0
                0x0000000008005938       0x74 ./src/usbh_conf.o
                0x0000000008005938                USBH_LL_SetupEP0
 .text.Reset_Handler
                0x00000000080059ac       0x50 ./startup/startup_stm32f407xx.o
                0x00000000080059ac                Reset_Handler
 .text.Default_Handler
                0x00000000080059fc        0x2 ./startup/startup_stm32f407xx.o
                0x00000000080059fc                RTC_Alarm_IRQHandler
                0x00000000080059fc                HASH_RNG_IRQHandler
                0x00000000080059fc                EXTI2_IRQHandler
                0x00000000080059fc                TIM8_CC_IRQHandler
                0x00000000080059fc                DebugMon_Handler
                0x00000000080059fc                TIM1_CC_IRQHandler
                0x00000000080059fc                DMA2_Stream5_IRQHandler
                0x00000000080059fc                HardFault_Handler
                0x00000000080059fc                DMA1_Stream5_IRQHandler
                0x00000000080059fc                PVD_IRQHandler
                0x00000000080059fc                SDIO_IRQHandler
                0x00000000080059fc                TAMP_STAMP_IRQHandler
                0x00000000080059fc                PendSV_Handler
                0x00000000080059fc                NMI_Handler
                0x00000000080059fc                CAN2_RX1_IRQHandler
                0x00000000080059fc                EXTI3_IRQHandler
                0x00000000080059fc                TIM8_TRG_COM_TIM14_IRQHandler
                0x00000000080059fc                TIM1_UP_TIM10_IRQHandler
                0x00000000080059fc                TIM8_UP_TIM13_IRQHandler
                0x00000000080059fc                I2C3_ER_IRQHandler
                0x00000000080059fc                EXTI0_IRQHandler
                0x00000000080059fc                I2C2_EV_IRQHandler
                0x00000000080059fc                DMA1_Stream2_IRQHandler
                0x00000000080059fc                CAN1_RX0_IRQHandler
                0x00000000080059fc                FPU_IRQHandler
                0x00000000080059fc                OTG_HS_WKUP_IRQHandler
                0x00000000080059fc                UsageFault_Handler
                0x00000000080059fc                CAN2_SCE_IRQHandler
                0x00000000080059fc                DMA2_Stream2_IRQHandler
                0x00000000080059fc                SPI1_IRQHandler
                0x00000000080059fc                TIM6_DAC_IRQHandler
                0x00000000080059fc                TIM1_BRK_TIM9_IRQHandler
                0x00000000080059fc                DCMI_IRQHandler
                0x00000000080059fc                CAN2_RX0_IRQHandler
                0x00000000080059fc                DMA2_Stream3_IRQHandler
                0x00000000080059fc                USART6_IRQHandler
                0x00000000080059fc                USART3_IRQHandler
                0x00000000080059fc                CAN1_RX1_IRQHandler
                0x00000000080059fc                UART5_IRQHandler
                0x00000000080059fc                DMA2_Stream0_IRQHandler
                0x00000000080059fc                TIM4_IRQHandler
                0x00000000080059fc                I2C1_EV_IRQHandler
                0x00000000080059fc                DMA1_Stream6_IRQHandler
                0x00000000080059fc                DMA1_Stream1_IRQHandler
                0x00000000080059fc                UART4_IRQHandler
                0x00000000080059fc                TIM3_IRQHandler
                0x00000000080059fc                RCC_IRQHandler
                0x00000000080059fc                TIM8_BRK_TIM12_IRQHandler
                0x00000000080059fc                Default_Handler
                0x00000000080059fc                EXTI15_10_IRQHandler
                0x00000000080059fc                ADC_IRQHandler
                0x00000000080059fc                DMA1_Stream7_IRQHandler
                0x00000000080059fc                TIM7_IRQHandler
                0x00000000080059fc                CAN2_TX_IRQHandler
                0x00000000080059fc                TIM5_IRQHandler
                0x00000000080059fc                DMA2_Stream7_IRQHandler
                0x00000000080059fc                I2C3_EV_IRQHandler
                0x00000000080059fc                EXTI9_5_IRQHandler
                0x00000000080059fc                RTC_WKUP_IRQHandler
                0x00000000080059fc                ETH_WKUP_IRQHandler
                0x00000000080059fc                SPI2_IRQHandler
                0x00000000080059fc                OTG_HS_EP1_IN_IRQHandler
                0x00000000080059fc                MemManage_Handler
                0x00000000080059fc                DMA1_Stream0_IRQHandler
                0x00000000080059fc                CAN1_TX_IRQHandler
                0x00000000080059fc                SVC_Handler
                0x00000000080059fc                EXTI4_IRQHandler
                0x00000000080059fc                FSMC_IRQHandler
                0x00000000080059fc                ETH_IRQHandler
                0x00000000080059fc                OTG_HS_EP1_OUT_IRQHandler
                0x00000000080059fc                WWDG_IRQHandler
                0x00000000080059fc                TIM2_IRQHandler
                0x00000000080059fc                OTG_FS_WKUP_IRQHandler
                0x00000000080059fc                TIM1_TRG_COM_TIM11_IRQHandler
                0x00000000080059fc                EXTI1_IRQHandler
                0x00000000080059fc                USART2_IRQHandler
                0x00000000080059fc                I2C2_ER_IRQHandler
                0x00000000080059fc                DMA2_Stream1_IRQHandler
                0x00000000080059fc                CAN1_SCE_IRQHandler
                0x00000000080059fc                FLASH_IRQHandler
                0x00000000080059fc                DMA2_Stream4_IRQHandler
                0x00000000080059fc                BusFault_Handler
                0x00000000080059fc                USART1_IRQHandler
                0x00000000080059fc                SPI3_IRQHandler
                0x00000000080059fc                DMA1_Stream4_IRQHandler
                0x00000000080059fc                I2C1_ER_IRQHandler
                0x00000000080059fc                DMA2_Stream6_IRQHandler
                0x00000000080059fc                DMA1_Stream3_IRQHandler
 *fill*         0x00000000080059fe        0x2 
 .text.calloc   0x0000000008005a00       0x10 /opt/st/stm32cubeide_1.11.0/plugins/com.st.stm32cube.ide.mcu.externaltools.gnu-tools-for-stm32.10.3-2021.10.linux64_1.0.100.202210260954/tools/bin/../lib/gcc/arm-none-eabi/10.3.1/../../../../arm-none-eabi/lib/thumb/v7e-m+fp/hard/libc_nano.a(lib_a-calloc.o)
                0x0000000008005a00                calloc
 .text.__errno  0x0000000008005a10        0xc /opt/st/stm32cubeide_1.11.0/plugins/com.st.stm32cube.ide.mcu.externaltools.gnu-tools-for-stm32.10.3-2021.10.linux64_1.0.100.202210260954/tools/bin/../lib/gcc/arm-none-eabi/10.3.1/../../../../arm-none-eabi/lib/thumb/v7e-m+fp/hard/libc_nano.a(lib_a-errno.o)
                0x0000000008005a10                __errno
 .text.__libc_init_array
                0x0000000008005a1c       0x48 /opt/st/stm32cubeide_1.11.0/plugins/com.st.stm32cube.ide.mcu.externaltools.gnu-tools-for-stm32.10.3-2021.10.linux64_1.0.100.202210260954/tools/bin/../lib/gcc/arm-none-eabi/10.3.1/../../../../arm-none-eabi/lib/thumb/v7e-m+fp/hard/libc_nano.a(lib_a-init.o)
                0x0000000008005a1c                __libc_init_array
 .text.malloc   0x0000000008005a64       0x10 /opt/st/stm32cubeide_1.11.0/plugins/com.st.stm32cube.ide.mcu.externaltools.gnu-tools-for-stm32.10.3-2021.10.linux64_1.0.100.202210260954/tools/bin/../lib/gcc/arm-none-eabi/10.3.1/../../../../arm-none-eabi/lib/thumb/v7e-m+fp/hard/libc_nano.a(lib_a-malloc.o)
                0x0000000008005a64                malloc
 .text.free     0x0000000008005a74       0x10 /opt/st/stm32cubeide_1.11.0/plugins/com.st.stm32cube.ide.mcu.externaltools.gnu-tools-for-stm32.10.3-2021.10.linux64_1.0.100.202210260954/tools/bin/../lib/gcc/arm-none-eabi/10.3.1/../../../../arm-none-eabi/lib/thumb/v7e-m+fp/hard/libc_nano.a(lib_a-malloc.o)
                0x0000000008005a74                free
 .text.memset   0x0000000008005a84       0x10 /opt/st/stm32cubeide_1.11.0/plugins/com.st.stm32cube.ide.mcu.externaltools.gnu-tools-for-stm32.10.3-2021.10.linux64_1.0.100.202210260954/tools/bin/../lib/gcc/arm-none-eabi/10.3.1/../../../../arm-none-eabi/lib/thumb/v7e-m+fp/hard/libc_nano.a(lib_a-memset.o)
                0x0000000008005a84                memset
 .text._calloc_r
                0x0000000008005a94       0x2c /opt/st/stm32cubeide_1.11.0/plugins/com.st.stm32cube.ide.mcu.externaltools.gnu-tools-for-stm32.10.3-2021.10.linux64_1.0.100.202210260954/tools/bin/../lib/gcc/arm-none-eabi/10.3.1/../../../../arm-none-eabi/lib/thumb/v7e-m+fp/hard/libc_nano.a(lib_a-nano-callocr.o)
                0x0000000008005a94                _calloc_r
 .text._free_r  0x0000000008005ac0       0x98 /opt/st/stm32cubeide_1.11.0/plugins/com.st.stm32cube.ide.mcu.externaltools.gnu-tools-for-stm32.10.3-2021.10.linux64_1.0.100.202210260954/tools/bin/../lib/gcc/arm-none-eabi/10.3.1/../../../../arm-none-eabi/lib/thumb/v7e-m+fp/hard/libc_nano.a(lib_a-nano-freer.o)
                0x0000000008005ac0                _free_r
 .text.sbrk_aligned
                0x0000000008005b58       0x40 /opt/st/stm32cubeide_1.11.0/plugins/com.st.stm32cube.ide.mcu.externaltools.gnu-tools-for-stm32.10.3-2021.10.linux64_1.0.100.202210260954/tools/bin/../lib/gcc/arm-none-eabi/10.3.1/../../../../arm-none-eabi/lib/thumb/v7e-m+fp/hard/libc_nano.a(lib_a-nano-mallocr.o)
 .text._malloc_r
                0x0000000008005b98       0xe8 /opt/st/stm32cubeide_1.11.0/plugins/com.st.stm32cube.ide.mcu.externaltools.gnu-tools-for-stm32.10.3-2021.10.linux64_1.0.100.202210260954/tools/bin/../lib/gcc/arm-none-eabi/10.3.1/../../../../arm-none-eabi/lib/thumb/v7e-m+fp/hard/libc_nano.a(lib_a-nano-mallocr.o)
                0x0000000008005b98                _malloc_r
 .text._sbrk_r  0x0000000008005c80       0x20 /opt/st/stm32cubeide_1.11.0/plugins/com.st.stm32cube.ide.mcu.externaltools.gnu-tools-for-stm32.10.3-2021.10.linux64_1.0.100.202210260954/tools/bin/../lib/gcc/arm-none-eabi/10.3.1/../../../../arm-none-eabi/lib/thumb/v7e-m+fp/hard/libc_nano.a(lib_a-sbrkr.o)
                0x0000000008005c80                _sbrk_r
 .text._vsprintf_r
                0x0000000008005ca0       0x2c /opt/st/stm32cubeide_1.11.0/plugins/com.st.stm32cube.ide.mcu.externaltools.gnu-tools-for-stm32.10.3-2021.10.linux64_1.0.100.202210260954/tools/bin/../lib/gcc/arm-none-eabi/10.3.1/../../../../arm-none-eabi/lib/thumb/v7e-m+fp/hard/libc_nano.a(lib_a-vsprintf.o)
                0x0000000008005ca0                _vsiprintf_r
                0x0000000008005ca0                _vsprintf_r
 .text.vsprintf
                0x0000000008005ccc       0x14 /opt/st/stm32cubeide_1.11.0/plugins/com.st.stm32cube.ide.mcu.externaltools.gnu-tools-for-stm32.10.3-2021.10.linux64_1.0.100.202210260954/tools/bin/../lib/gcc/arm-none-eabi/10.3.1/../../../../arm-none-eabi/lib/thumb/v7e-m+fp/hard/libc_nano.a(lib_a-vsprintf.o)
                0x0000000008005ccc                vsprintf
                0x0000000008005ccc                vsiprintf
 .text.__malloc_lock
                0x0000000008005ce0        0xc /opt/st/stm32cubeide_1.11.0/plugins/com.st.stm32cube.ide.mcu.externaltools.gnu-tools-for-stm32.10.3-2021.10.linux64_1.0.100.202210260954/tools/bin/../lib/gcc/arm-none-eabi/10.3.1/../../../../arm-none-eabi/lib/thumb/v7e-m+fp/hard/libc_nano.a(lib_a-mlock.o)
                0x0000000008005ce0                __malloc_lock
 .text.__malloc_unlock
                0x0000000008005cec        0xc /opt/st/stm32cubeide_1.11.0/plugins/com.st.stm32cube.ide.mcu.externaltools.gnu-tools-for-stm32.10.3-2021.10.linux64_1.0.100.202210260954/tools/bin/../lib/gcc/arm-none-eabi/10.3.1/../../../../arm-none-eabi/lib/thumb/v7e-m+fp/hard/libc_nano.a(lib_a-mlock.o)
                0x0000000008005cec                __malloc_unlock
 .text.__ssputs_r
                0x0000000008005cf8       0xb6 /opt/st/stm32cubeide_1.11.0/plugins/com.st.stm32cube.ide.mcu.externaltools.gnu-tools-for-stm32.10.3-2021.10.linux64_1.0.100.202210260954/tools/bin/../lib/gcc/arm-none-eabi/10.3.1/../../../../arm-none-eabi/lib/thumb/v7e-m+fp/hard/libc_nano.a(lib_a-nano-svfprintf.o)
                0x0000000008005cf8                __ssputs_r
 *fill*         0x0000000008005dae        0x2 
 .text._svfprintf_r
                0x0000000008005db0      0x200 /opt/st/stm32cubeide_1.11.0/plugins/com.st.stm32cube.ide.mcu.externaltools.gnu-tools-for-stm32.10.3-2021.10.linux64_1.0.100.202210260954/tools/bin/../lib/gcc/arm-none-eabi/10.3.1/../../../../arm-none-eabi/lib/thumb/v7e-m+fp/hard/libc_nano.a(lib_a-nano-svfprintf.o)
                0x0000000008005db0                _svfprintf_r
                0x0000000008005db0                _svfiprintf_r
 .text._printf_common
                0x0000000008005fb0       0xda /opt/st/stm32cubeide_1.11.0/plugins/com.st.stm32cube.ide.mcu.externaltools.gnu-tools-for-stm32.10.3-2021.10.linux64_1.0.100.202210260954/tools/bin/../lib/gcc/arm-none-eabi/10.3.1/../../../../arm-none-eabi/lib/thumb/v7e-m+fp/hard/libc_nano.a(lib_a-nano-vfprintf_i.o)
                0x0000000008005fb0                _printf_common
 *fill*         0x000000000800608a        0x2 
 .text._printf_i
                0x000000000800608c      0x24c /opt/st/stm32cubeide_1.11.0/plugins/com.st.stm32cube.ide.mcu.externaltools.gnu-tools-for-stm32.10.3-2021.10.linux64_1.0.100.202210260954/tools/bin/../lib/gcc/arm-none-eabi/10.3.1/../../../../arm-none-eabi/lib/thumb/v7e-m+fp/hard/libc_nano.a(lib_a-nano-vfprintf_i.o)
                0x000000000800608c                _printf_i
 .text.__retarget_lock_acquire_recursive
                0x00000000080062d8        0x2 /opt/st/stm32cubeide_1.11.0/plugins/com.st.stm32cube.ide.mcu.externaltools.gnu-tools-for-stm32.10.3-2021.10.linux64_1.0.100.202210260954/tools/bin/../lib/gcc/arm-none-eabi/10.3.1/../../../../arm-none-eabi/lib/thumb/v7e-m+fp/hard/libc_nano.a(lib_a-lock.o)
                0x00000000080062d8                __retarget_lock_acquire_recursive
 .text.__retarget_lock_release_recursive
                0x00000000080062da        0x2 /opt/st/stm32cubeide_1.11.0/plugins/com.st.stm32cube.ide.mcu.externaltools.gnu-tools-for-stm32.10.3-2021.10.linux64_1.0.100.202210260954/tools/bin/../lib/gcc/arm-none-eabi/10.3.1/../../../../arm-none-eabi/lib/thumb/v7e-m+fp/hard/libc_nano.a(lib_a-lock.o)
                0x00000000080062da                __retarget_lock_release_recursive
 .text.memcpy   0x00000000080062dc       0x1c /opt/st/stm32cubeide_1.11.0/plugins/com.st.stm32cube.ide.mcu.externaltools.gnu-tools-for-stm32.10.3-2021.10.linux64_1.0.100.202210260954/tools/bin/../lib/gcc/arm-none-eabi/10.3.1/../../../../arm-none-eabi/lib/thumb/v7e-m+fp/hard/libc_nano.a(lib_a-memcpy-stub.o)
                0x00000000080062dc                memcpy
 .text.memmove  0x00000000080062f8       0x34 /opt/st/stm32cubeide_1.11.0/plugins/com.st.stm32cube.ide.mcu.externaltools.gnu-tools-for-stm32.10.3-2021.10.linux64_1.0.100.202210260954/tools/bin/../lib/gcc/arm-none-eabi/10.3.1/../../../../arm-none-eabi/lib/thumb/v7e-m+fp/hard/libc_nano.a(lib_a-memmove.o)
                0x00000000080062f8                memmove
 .text._realloc_r
                0x000000000800632c       0x5e /opt/st/stm32cubeide_1.11.0/plugins/com.st.stm32cube.ide.mcu.externaltools.gnu-tools-for-stm32.10.3-2021.10.linux64_1.0.100.202210260954/tools/bin/../lib/gcc/arm-none-eabi/10.3.1/../../../../arm-none-eabi/lib/thumb/v7e-m+fp/hard/libc_nano.a(lib_a-nano-reallocr.o)
                0x000000000800632c                _realloc_r
 .text._malloc_usable_size_r
                0x000000000800638a       0x10 /opt/st/stm32cubeide_1.11.0/plugins/com.st.stm32cube.ide.mcu.externaltools.gnu-tools-for-stm32.10.3-2021.10.linux64_1.0.100.202210260954/tools/bin/../lib/gcc/arm-none-eabi/10.3.1/../../../../arm-none-eabi/lib/thumb/v7e-m+fp/hard/libc_nano.a(lib_a-nano-msizer.o)
                0x000000000800638a                _malloc_usable_size_r
 *(.rodata)
 *fill*         0x000000000800639a        0x2 
 .rodata        0x000000000800639c       0x10 ./HAL_Driver/Src/stm32f4xx_hal_rcc.o
                0x000000000800639c                APBAHBPrescTable
 .rodata        0x00000000080063ac      0x30e ./Middlewares/ST/STM32_USB_Host_Library/Class/HID/Src/usbh_hid_keybd.o
 *fill*         0x00000000080066ba        0x2 
 .rodata        0x00000000080066bc       0xa0 ./Middlewares/ST/STM32_USB_Host_Library/Class/HID/Src/usbh_hid_mouse.o
 *(.rodata*)
 .rodata.str1.4
                0x000000000800675c      0x140 ./Middlewares/ST/STM32_USB_Host_Library/Class/HID/Src/usbh_hid.o
 .rodata.str1.4
                0x000000000800689c      0x118 ./Middlewares/ST/STM32_USB_Host_Library/Class/HUB/usbh_hub.o
 .rodata.str1.4
                0x00000000080069b4      0x2ba ./Middlewares/ST/STM32_USB_Host_Library/Core/Src/usbh_core.o
 *fill*         0x0000000008006c6e        0x2 
 .rodata.str1.4
                0x0000000008006c70       0xd5 ./Middlewares/ST/STM32_USB_Host_Library/Core/Src/usbh_ctlreq.o
 *fill*         0x0000000008006d45        0x3 
 .rodata.str1.4
                0x0000000008006d48       0x2d ./Middlewares/ST/STM32_USB_Host_Library/Core/Src/usbh_pipes.o
 *fill*         0x0000000008006d75        0x3 
 .rodata.str1.4
                0x0000000008006d78        0xb ./src/log.o
 *fill*         0x0000000008006d83        0x1 
 .rodata.str1.4
                0x0000000008006d84       0x44 ./src/main.o
                                         0x48 (size before relaxing)
 .rodata.str1.4
                0x0000000008006dc8       0x33 ./src/usbh_conf.o
 .rodata._svfprintf_r.str1.1
                0x0000000008006dfb       0x11 /opt/st/stm32cubeide_1.11.0/plugins/com.st.stm32cube.ide.mcu.externaltools.gnu-tools-for-stm32.10.3-2021.10.linux64_1.0.100.202210260954/tools/bin/../lib/gcc/arm-none-eabi/10.3.1/../../../../arm-none-eabi/lib/thumb/v7e-m+fp/hard/libc_nano.a(lib_a-nano-svfprintf.o)
 .rodata._printf_i.str1.1
                0x0000000008006e0c       0x22 /opt/st/stm32cubeide_1.11.0/plugins/com.st.stm32cube.ide.mcu.externaltools.gnu-tools-for-stm32.10.3-2021.10.linux64_1.0.100.202210260954/tools/bin/../lib/gcc/arm-none-eabi/10.3.1/../../../../arm-none-eabi/lib/thumb/v7e-m+fp/hard/libc_nano.a(lib_a-nano-vfprintf_i.o)
 *(.glue_7)
 .glue_7        0x0000000008006e2e        0x0 linker stubs
 *(.glue_7t)
 .glue_7t       0x0000000008006e2e        0x0 linker stubs
 *(.eh_frame)
 *fill*         0x0000000008006e2e        0x2 
 .eh_frame      0x0000000008006e30        0x0 /opt/st/stm32cubeide_1.11.0/plugins/com.st.stm32cube.ide.mcu.externaltools.gnu-tools-for-stm32.10.3-2021.10.linux64_1.0.100.202210260954/tools/bin/../lib/gcc/arm-none-eabi/10.3.1/thumb/v7e-m+fp/hard/crtbegin.o
 *(.init)
 .init          0x0000000008006e30        0x4 /opt/st/stm32cubeide_1.11.0/plugins/com.st.stm32cube.ide.mcu.externaltools.gnu-tools-for-stm32.10.3-2021.10.linux64_1.0.100.202210260954/tools/bin/../lib/gcc/arm-none-eabi/10.3.1/thumb/v7e-m+fp/hard/crti.o
                0x0000000008006e30                _init
 .init          0x0000000008006e34        0x8 /opt/st/stm32cubeide_1.11.0/plugins/com.st.stm32cube.ide.mcu.externaltools.gnu-tools-for-stm32.10.3-2021.10.linux64_1.0.100.202210260954/tools/bin/../lib/gcc/arm-none-eabi/10.3.1/thumb/v7e-m+fp/hard/crtn.o
 *(.fini)
 .fini          0x0000000008006e3c        0x4 /opt/st/stm32cubeide_1.11.0/plugins/com.st.stm32cube.ide.mcu.externaltools.gnu-tools-for-stm32.10.3-2021.10.linux64_1.0.100.202210260954/tools/bin/../lib/gcc/arm-none-eabi/10.3.1/thumb/v7e-m+fp/hard/crti.o
                0x0000000008006e3c                _fini
 .fini          0x0000000008006e40        0x8 /opt/st/stm32cubeide_1.11.0/plugins/com.st.stm32cube.ide.mcu.externaltools.gnu-tools-for-stm32.10.3-2021.10.linux64_1.0.100.202210260954/tools/bin/../lib/gcc/arm-none-eabi/10.3.1/thumb/v7e-m+fp/hard/crtn.o
                0x0000000008006e48                . = ALIGN (0x4)
                0x0000000008006e48                _etext = .

.vfp11_veneer   0x0000000008006e48        0x0
 .vfp11_veneer  0x0000000008006e48        0x0 linker stubs

.v4_bx          0x0000000008006e48        0x0
 .v4_bx         0x0000000008006e48        0x0 linker stubs

.iplt           0x0000000008006e48        0x0
 .iplt          0x0000000008006e48        0x0 /opt/st/stm32cubeide_1.11.0/plugins/com.st.stm32cube.ide.mcu.externaltools.gnu-tools-for-stm32.10.3-2021.10.linux64_1.0.100.202210260954/tools/bin/../lib/gcc/arm-none-eabi/10.3.1/thumb/v7e-m+fp/hard/crtbegin.o

.rel.dyn        0x0000000008006e48        0x0
 .rel.iplt      0x0000000008006e48        0x0 /opt/st/stm32cubeide_1.11.0/plugins/com.st.stm32cube.ide.mcu.externaltools.gnu-tools-for-stm32.10.3-2021.10.linux64_1.0.100.202210260954/tools/bin/../lib/gcc/arm-none-eabi/10.3.1/thumb/v7e-m+fp/hard/crtbegin.o

.ARM.extab
 *(.ARM.extab* .gnu.linkonce.armextab.*)

.ARM            0x0000000008006e48        0x0
                0x0000000008006e48                __exidx_start = .
 *(.ARM.exidx*)
                0x0000000008006e48                __exidx_end = .

.preinit_array  0x0000000008006e48        0x0
                0x0000000008006e48                PROVIDE (__preinit_array_start = .)
 *(.preinit_array*)
                0x0000000008006e48                PROVIDE (__preinit_array_end = .)

.init_array     0x0000000008006e48        0x4
                0x0000000008006e48                PROVIDE (__init_array_start = .)
 *(SORT_BY_NAME(.init_array.*))
 *(.init_array*)
 .init_array    0x0000000008006e48        0x4 /opt/st/stm32cubeide_1.11.0/plugins/com.st.stm32cube.ide.mcu.externaltools.gnu-tools-for-stm32.10.3-2021.10.linux64_1.0.100.202210260954/tools/bin/../lib/gcc/arm-none-eabi/10.3.1/thumb/v7e-m+fp/hard/crtbegin.o
                0x0000000008006e4c                PROVIDE (__init_array_end = .)

.fini_array     0x0000000008006e4c        0x4
                [!provide]                        PROVIDE (__fini_array_start = .)
 *(.fini_array*)
 .fini_array    0x0000000008006e4c        0x4 /opt/st/stm32cubeide_1.11.0/plugins/com.st.stm32cube.ide.mcu.externaltools.gnu-tools-for-stm32.10.3-2021.10.linux64_1.0.100.202210260954/tools/bin/../lib/gcc/arm-none-eabi/10.3.1/thumb/v7e-m+fp/hard/crtbegin.o
 *(SORT_BY_NAME(.fini_array.*))
                [!provide]                        PROVIDE (__fini_array_end = .)
                0x0000000008006e50                _sidata = .

.data           0x0000000020000000       0xc4 load address 0x0000000008006e50
                0x0000000020000000                . = ALIGN (0x4)
                0x0000000020000000                _sdata = .
 *(.data)
 .data          0x0000000020000000       0x20 ./Middlewares/ST/STM32_USB_Host_Library/Class/HID/Src/usbh_hid.o
                0x0000000020000000                HID_Class
 .data          0x0000000020000020       0x24 ./Middlewares/ST/STM32_USB_Host_Library/Class/HUB/usbh_hub.o
                0x0000000020000024                HUB_Class
 .data          0x0000000020000044        0x4 ./Utilities/STM32F4-Diymore/stm32f4_diymore.o
                0x0000000020000044                GPIO_PORT
 .data          0x0000000020000048        0x1 ./src/main.o
 *fill*         0x0000000020000049        0x3 
 .data          0x000000002000004c       0x14 ./src/system_stm32f4xx.o
                0x000000002000004c                AHBPrescTable
                0x000000002000005c                SystemCoreClock
 *(.data*)
 .data._impure_ptr
                0x0000000020000060        0x4 /opt/st/stm32cubeide_1.11.0/plugins/com.st.stm32cube.ide.mcu.externaltools.gnu-tools-for-stm32.10.3-2021.10.linux64_1.0.100.202210260954/tools/bin/../lib/gcc/arm-none-eabi/10.3.1/../../../../arm-none-eabi/lib/thumb/v7e-m+fp/hard/libc_nano.a(lib_a-impure.o)
                0x0000000020000060                _impure_ptr
 .data.impure_data
                0x0000000020000064       0x60 /opt/st/stm32cubeide_1.11.0/plugins/com.st.stm32cube.ide.mcu.externaltools.gnu-tools-for-stm32.10.3-2021.10.linux64_1.0.100.202210260954/tools/bin/../lib/gcc/arm-none-eabi/10.3.1/../../../../arm-none-eabi/lib/thumb/v7e-m+fp/hard/libc_nano.a(lib_a-impure.o)
                0x00000000200000c4                . = ALIGN (0x4)
                0x00000000200000c4                _edata = .

.igot.plt       0x00000000200000c4        0x0 load address 0x0000000008006f14
 .igot.plt      0x00000000200000c4        0x0 /opt/st/stm32cubeide_1.11.0/plugins/com.st.stm32cube.ide.mcu.externaltools.gnu-tools-for-stm32.10.3-2021.10.linux64_1.0.100.202210260954/tools/bin/../lib/gcc/arm-none-eabi/10.3.1/thumb/v7e-m+fp/hard/crtbegin.o
                0x00000000200000c4                . = ALIGN (0x4)

.bss            0x00000000200000c8     0x1498 load address 0x0000000008006f18
                0x00000000200000c8                _sbss = .
                0x00000000200000c8                __bss_start__ = _sbss
 *(.bss)
 .bss           0x00000000200000c8       0x1c /opt/st/stm32cubeide_1.11.0/plugins/com.st.stm32cube.ide.mcu.externaltools.gnu-tools-for-stm32.10.3-2021.10.linux64_1.0.100.202210260954/tools/bin/../lib/gcc/arm-none-eabi/10.3.1/thumb/v7e-m+fp/hard/crtbegin.o
 .bss           0x00000000200000e4        0x4 ./HAL_Driver/Src/stm32f4xx_hal.o
 .bss           0x00000000200000e8       0x16 ./Middlewares/ST/STM32_USB_Host_Library/Class/HID/Src/usbh_hid.o
 *fill*         0x00000000200000fe        0x2 
 .bss           0x0000000020000100       0x18 ./Middlewares/ST/STM32_USB_Host_Library/Class/HID/Src/usbh_hid_keybd.o
                0x0000000020000110                keybd_report_data
 .bss           0x0000000020000118        0xc ./Middlewares/ST/STM32_USB_Host_Library/Class/HID/Src/usbh_hid_mouse.o
                0x0000000020000120                mouse_report_data
 .bss           0x0000000020000124        0xd ./Middlewares/ST/STM32_USB_Host_Library/Class/HUB/usbh_hub.o
 *fill*         0x0000000020000131        0x3 
 .bss           0x0000000020000134       0x40 ./src/log.o
 .bss           0x0000000020000174      0xea0 ./src/main.o
                0x0000000020000174                hUSBHost
 .bss           0x0000000020001014        0x8 ./src/syscalls.o
                0x0000000020001018                __env
 *fill*         0x000000002000101c        0x4 
 .bss           0x0000000020001020      0x530 ./src/usbh_conf.o
                0x0000000020001020                _hHCD
 *(.bss*)
 .bss.__malloc_free_list
                0x0000000020001550        0x4 /opt/st/stm32cubeide_1.11.0/plugins/com.st.stm32cube.ide.mcu.externaltools.gnu-tools-for-stm32.10.3-2021.10.linux64_1.0.100.202210260954/tools/bin/../lib/gcc/arm-none-eabi/10.3.1/../../../../arm-none-eabi/lib/thumb/v7e-m+fp/hard/libc_nano.a(lib_a-nano-mallocr.o)
                0x0000000020001550                __malloc_free_list
 .bss.__malloc_sbrk_start
                0x0000000020001554        0x4 /opt/st/stm32cubeide_1.11.0/plugins/com.st.stm32cube.ide.mcu.externaltools.gnu-tools-for-stm32.10.3-2021.10.linux64_1.0.100.202210260954/tools/bin/../lib/gcc/arm-none-eabi/10.3.1/../../../../arm-none-eabi/lib/thumb/v7e-m+fp/hard/libc_nano.a(lib_a-nano-mallocr.o)
                0x0000000020001554                __malloc_sbrk_start
 .bss.errno     0x0000000020001558        0x4 /opt/st/stm32cubeide_1.11.0/plugins/com.st.stm32cube.ide.mcu.externaltools.gnu-tools-for-stm32.10.3-2021.10.linux64_1.0.100.202210260954/tools/bin/../lib/gcc/arm-none-eabi/10.3.1/../../../../arm-none-eabi/lib/thumb/v7e-m+fp/hard/libc_nano.a(lib_a-reent.o)
                0x0000000020001558                errno
 .bss.__lock___malloc_recursive_mutex
                0x000000002000155c        0x1 /opt/st/stm32cubeide_1.11.0/plugins/com.st.stm32cube.ide.mcu.externaltools.gnu-tools-for-stm32.10.3-2021.10.linux64_1.0.100.202210260954/tools/bin/../lib/gcc/arm-none-eabi/10.3.1/../../../../arm-none-eabi/lib/thumb/v7e-m+fp/hard/libc_nano.a(lib_a-lock.o)
                0x000000002000155c                __lock___malloc_recursive_mutex
 *(COMMON)
                0x0000000020001560                . = ALIGN (0x4)
 *fill*         0x000000002000155d        0x3 
                0x0000000020001560                _ebss = .
                0x0000000020001560                __bss_end__ = _ebss

._user_heap_stack
                0x0000000020001560      0x400 load address 0x00000000080083b0
                0x0000000020001560                . = ALIGN (0x8)
                0x0000000020001560                PROVIDE (end = .)
                [!provide]                        PROVIDE (_end = .)
                0x0000000020001560                . = (. + _Min_Heap_Size)
                0x0000000020001960                . = (. + _Min_Stack_Size)
 *fill*         0x0000000020001560      0x400 
                0x0000000020001960                . = ALIGN (0x8)

.memory_b1_text
 *(.mb1text)
 *(.mb1text*)
 *(.mb1rodata)
 *(.mb1rodata*)

/DISCARD/
 libc.a(*)
 libm.a(*)
 libgcc.a(*)

.ARM.attributes
                0x0000000000000000       0x30
 *(.ARM.attributes)
 .ARM.attributes
                0x0000000000000000       0x1e /opt/st/stm32cubeide_1.11.0/plugins/com.st.stm32cube.ide.mcu.externaltools.gnu-tools-for-stm32.10.3-2021.10.linux64_1.0.100.202210260954/tools/bin/../lib/gcc/arm-none-eabi/10.3.1/thumb/v7e-m+fp/hard/crti.o
 .ARM.attributes
                0x000000000000001e       0x34 /opt/st/stm32cubeide_1.11.0/plugins/com.st.stm32cube.ide.mcu.externaltools.gnu-tools-for-stm32.10.3-2021.10.linux64_1.0.100.202210260954/tools/bin/../lib/gcc/arm-none-eabi/10.3.1/thumb/v7e-m+fp/hard/crtbegin.o
 .ARM.attributes
                0x0000000000000052       0x34 ./HAL_Driver/Src/stm32f4xx_hal.o
 .ARM.attributes
                0x0000000000000086       0x34 ./HAL_Driver/Src/stm32f4xx_hal_cortex.o
 .ARM.attributes
                0x00000000000000ba       0x34 ./HAL_Driver/Src/stm32f4xx_hal_gpio.o
 .ARM.attributes
                0x00000000000000ee       0x34 ./HAL_Driver/Src/stm32f4xx_hal_hcd.o
 .ARM.attributes
                0x0000000000000122       0x34 ./HAL_Driver/Src/stm32f4xx_hal_rcc.o
 .ARM.attributes
                0x0000000000000156       0x34 ./HAL_Driver/Src/stm32f4xx_hal_uart.o
 .ARM.attributes
                0x000000000000018a       0x34 ./HAL_Driver/Src/stm32f4xx_ll_usb.o
 .ARM.attributes
                0x00000000000001be       0x34 ./Middlewares/ST/STM32_USB_Host_Library/Class/HID/Src/usbh_hid.o
 .ARM.attributes
                0x00000000000001f2       0x34 ./Middlewares/ST/STM32_USB_Host_Library/Class/HID/Src/usbh_hid_keybd.o
 .ARM.attributes
                0x0000000000000226       0x34 ./Middlewares/ST/STM32_USB_Host_Library/Class/HID/Src/usbh_hid_mouse.o
 .ARM.attributes
                0x000000000000025a       0x34 ./Middlewares/ST/STM32_USB_Host_Library/Class/HID/Src/usbh_hid_parser.o
 .ARM.attributes
                0x000000000000028e       0x34 ./Middlewares/ST/STM32_USB_Host_Library/Class/HUB/usbh_hub.o
 .ARM.attributes
                0x00000000000002c2       0x34 ./Middlewares/ST/STM32_USB_Host_Library/Core/Src/usbh_core.o
 .ARM.attributes
                0x00000000000002f6       0x34 ./Middlewares/ST/STM32_USB_Host_Library/Core/Src/usbh_ctlreq.o
 .ARM.attributes
                0x000000000000032a       0x34 ./Middlewares/ST/STM32_USB_Host_Library/Core/Src/usbh_ioreq.o
 .ARM.attributes
                0x000000000000035e       0x34 ./Middlewares/ST/STM32_USB_Host_Library/Core/Src/usbh_pipes.o
 .ARM.attributes
                0x0000000000000392       0x34 ./Utilities/STM32F4-Diymore/stm32f4_diymore.o
 .ARM.attributes
                0x00000000000003c6       0x34 ./src/log.o
 .ARM.attributes
                0x00000000000003fa       0x34 ./src/main.o
 .ARM.attributes
                0x000000000000042e       0x34 ./src/stm32f4xx_it.o
 .ARM.attributes
                0x0000000000000462       0x34 ./src/syscalls.o
 .ARM.attributes
                0x0000000000000496       0x34 ./src/system_stm32f4xx.o
 .ARM.attributes
                0x00000000000004ca       0x34 ./src/usbh_conf.o
 .ARM.attributes
                0x00000000000004fe       0x21 ./startup/startup_stm32f407xx.o
 .ARM.attributes
                0x000000000000051f       0x34 /opt/st/stm32cubeide_1.11.0/plugins/com.st.stm32cube.ide.mcu.externaltools.gnu-tools-for-stm32.10.3-2021.10.linux64_1.0.100.202210260954/tools/bin/../lib/gcc/arm-none-eabi/10.3.1/../../../../arm-none-eabi/lib/thumb/v7e-m+fp/hard/libc_nano.a(lib_a-calloc.o)
 .ARM.attributes
                0x0000000000000553       0x34 /opt/st/stm32cubeide_1.11.0/plugins/com.st.stm32cube.ide.mcu.externaltools.gnu-tools-for-stm32.10.3-2021.10.linux64_1.0.100.202210260954/tools/bin/../lib/gcc/arm-none-eabi/10.3.1/../../../../arm-none-eabi/lib/thumb/v7e-m+fp/hard/libc_nano.a(lib_a-errno.o)
 .ARM.attributes
                0x0000000000000587       0x34 /opt/st/stm32cubeide_1.11.0/plugins/com.st.stm32cube.ide.mcu.externaltools.gnu-tools-for-stm32.10.3-2021.10.linux64_1.0.100.202210260954/tools/bin/../lib/gcc/arm-none-eabi/10.3.1/../../../../arm-none-eabi/lib/thumb/v7e-m+fp/hard/libc_nano.a(lib_a-impure.o)
 .ARM.attributes
                0x00000000000005bb       0x34 /opt/st/stm32cubeide_1.11.0/plugins/com.st.stm32cube.ide.mcu.externaltools.gnu-tools-for-stm32.10.3-2021.10.linux64_1.0.100.202210260954/tools/bin/../lib/gcc/arm-none-eabi/10.3.1/../../../../arm-none-eabi/lib/thumb/v7e-m+fp/hard/libc_nano.a(lib_a-init.o)
 .ARM.attributes
                0x00000000000005ef       0x34 /opt/st/stm32cubeide_1.11.0/plugins/com.st.stm32cube.ide.mcu.externaltools.gnu-tools-for-stm32.10.3-2021.10.linux64_1.0.100.202210260954/tools/bin/../lib/gcc/arm-none-eabi/10.3.1/../../../../arm-none-eabi/lib/thumb/v7e-m+fp/hard/libc_nano.a(lib_a-malloc.o)
 .ARM.attributes
                0x0000000000000623       0x34 /opt/st/stm32cubeide_1.11.0/plugins/com.st.stm32cube.ide.mcu.externaltools.gnu-tools-for-stm32.10.3-2021.10.linux64_1.0.100.202210260954/tools/bin/../lib/gcc/arm-none-eabi/10.3.1/../../../../arm-none-eabi/lib/thumb/v7e-m+fp/hard/libc_nano.a(lib_a-memset.o)
 .ARM.attributes
                0x0000000000000657       0x34 /opt/st/stm32cubeide_1.11.0/plugins/com.st.stm32cube.ide.mcu.externaltools.gnu-tools-for-stm32.10.3-2021.10.linux64_1.0.100.202210260954/tools/bin/../lib/gcc/arm-none-eabi/10.3.1/../../../../arm-none-eabi/lib/thumb/v7e-m+fp/hard/libc_nano.a(lib_a-nano-callocr.o)
 .ARM.attributes
                0x000000000000068b       0x34 /opt/st/stm32cubeide_1.11.0/plugins/com.st.stm32cube.ide.mcu.externaltools.gnu-tools-for-stm32.10.3-2021.10.linux64_1.0.100.202210260954/tools/bin/../lib/gcc/arm-none-eabi/10.3.1/../../../../arm-none-eabi/lib/thumb/v7e-m+fp/hard/libc_nano.a(lib_a-nano-freer.o)
 .ARM.attributes
                0x00000000000006bf       0x34 /opt/st/stm32cubeide_1.11.0/plugins/com.st.stm32cube.ide.mcu.externaltools.gnu-tools-for-stm32.10.3-2021.10.linux64_1.0.100.202210260954/tools/bin/../lib/gcc/arm-none-eabi/10.3.1/../../../../arm-none-eabi/lib/thumb/v7e-m+fp/hard/libc_nano.a(lib_a-nano-mallocr.o)
 .ARM.attributes
                0x00000000000006f3       0x34 /opt/st/stm32cubeide_1.11.0/plugins/com.st.stm32cube.ide.mcu.externaltools.gnu-tools-for-stm32.10.3-2021.10.linux64_1.0.100.202210260954/tools/bin/../lib/gcc/arm-none-eabi/10.3.1/../../../../arm-none-eabi/lib/thumb/v7e-m+fp/hard/libc_nano.a(lib_a-sbrkr.o)
 .ARM.attributes
                0x0000000000000727       0x17 /opt/st/stm32cubeide_1.11.0/plugins/com.st.stm32cube.ide.mcu.externaltools.gnu-tools-for-stm32.10.3-2021.10.linux64_1.0.100.202210260954/tools/bin/../lib/gcc/arm-none-eabi/10.3.1/../../../../arm-none-eabi/lib/thumb/v7e-m+fp/hard/libc_nano.a(lib_a-strlen.o)
 .ARM.attributes
                0x000000000000073e       0x34 /opt/st/stm32cubeide_1.11.0/plugins/com.st.stm32cube.ide.mcu.externaltools.gnu-tools-for-stm32.10.3-2021.10.linux64_1.0.100.202210260954/tools/bin/../lib/gcc/arm-none-eabi/10.3.1/../../../../arm-none-eabi/lib/thumb/v7e-m+fp/hard/libc_nano.a(lib_a-vsprintf.o)
 .ARM.attributes
                0x0000000000000772       0x34 /opt/st/stm32cubeide_1.11.0/plugins/com.st.stm32cube.ide.mcu.externaltools.gnu-tools-for-stm32.10.3-2021.10.linux64_1.0.100.202210260954/tools/bin/../lib/gcc/arm-none-eabi/10.3.1/../../../../arm-none-eabi/lib/thumb/v7e-m+fp/hard/libc_nano.a(lib_a-mlock.o)
 .ARM.attributes
                0x00000000000007a6       0x34 /opt/st/stm32cubeide_1.11.0/plugins/com.st.stm32cube.ide.mcu.externaltools.gnu-tools-for-stm32.10.3-2021.10.linux64_1.0.100.202210260954/tools/bin/../lib/gcc/arm-none-eabi/10.3.1/../../../../arm-none-eabi/lib/thumb/v7e-m+fp/hard/libc_nano.a(lib_a-nano-svfprintf.o)
 .ARM.attributes
                0x00000000000007da       0x34 /opt/st/stm32cubeide_1.11.0/plugins/com.st.stm32cube.ide.mcu.externaltools.gnu-tools-for-stm32.10.3-2021.10.linux64_1.0.100.202210260954/tools/bin/../lib/gcc/arm-none-eabi/10.3.1/../../../../arm-none-eabi/lib/thumb/v7e-m+fp/hard/libc_nano.a(lib_a-nano-vfprintf_i.o)
 .ARM.attributes
                0x000000000000080e       0x34 /opt/st/stm32cubeide_1.11.0/plugins/com.st.stm32cube.ide.mcu.externaltools.gnu-tools-for-stm32.10.3-2021.10.linux64_1.0.100.202210260954/tools/bin/../lib/gcc/arm-none-eabi/10.3.1/../../../../arm-none-eabi/lib/thumb/v7e-m+fp/hard/libc_nano.a(lib_a-reent.o)
 .ARM.attributes
                0x0000000000000842       0x34 /opt/st/stm32cubeide_1.11.0/plugins/com.st.stm32cube.ide.mcu.externaltools.gnu-tools-for-stm32.10.3-2021.10.linux64_1.0.100.202210260954/tools/bin/../lib/gcc/arm-none-eabi/10.3.1/../../../../arm-none-eabi/lib/thumb/v7e-m+fp/hard/libc_nano.a(lib_a-lock.o)
 .ARM.attributes
                0x0000000000000876       0x1c /opt/st/stm32cubeide_1.11.0/plugins/com.st.stm32cube.ide.mcu.externaltools.gnu-tools-for-stm32.10.3-2021.10.linux64_1.0.100.202210260954/tools/bin/../lib/gcc/arm-none-eabi/10.3.1/../../../../arm-none-eabi/lib/thumb/v7e-m+fp/hard/libc_nano.a(lib_a-memchr.o)
 .ARM.attributes
                0x0000000000000892       0x34 /opt/st/stm32cubeide_1.11.0/plugins/com.st.stm32cube.ide.mcu.externaltools.gnu-tools-for-stm32.10.3-2021.10.linux64_1.0.100.202210260954/tools/bin/../lib/gcc/arm-none-eabi/10.3.1/../../../../arm-none-eabi/lib/thumb/v7e-m+fp/hard/libc_nano.a(lib_a-memcpy-stub.o)
 .ARM.attributes
                0x00000000000008c6       0x34 /opt/st/stm32cubeide_1.11.0/plugins/com.st.stm32cube.ide.mcu.externaltools.gnu-tools-for-stm32.10.3-2021.10.linux64_1.0.100.202210260954/tools/bin/../lib/gcc/arm-none-eabi/10.3.1/../../../../arm-none-eabi/lib/thumb/v7e-m+fp/hard/libc_nano.a(lib_a-memmove.o)
 .ARM.attributes
                0x00000000000008fa       0x34 /opt/st/stm32cubeide_1.11.0/plugins/com.st.stm32cube.ide.mcu.externaltools.gnu-tools-for-stm32.10.3-2021.10.linux64_1.0.100.202210260954/tools/bin/../lib/gcc/arm-none-eabi/10.3.1/../../../../arm-none-eabi/lib/thumb/v7e-m+fp/hard/libc_nano.a(lib_a-nano-reallocr.o)
 .ARM.attributes
                0x000000000000092e       0x34 /opt/st/stm32cubeide_1.11.0/plugins/com.st.stm32cube.ide.mcu.externaltools.gnu-tools-for-stm32.10.3-2021.10.linux64_1.0.100.202210260954/tools/bin/../lib/gcc/arm-none-eabi/10.3.1/../../../../arm-none-eabi/lib/thumb/v7e-m+fp/hard/libc_nano.a(lib_a-nano-msizer.o)
 .ARM.attributes
                0x0000000000000962       0x1e /opt/st/stm32cubeide_1.11.0/plugins/com.st.stm32cube.ide.mcu.externaltools.gnu-tools-for-stm32.10.3-2021.10.linux64_1.0.100.202210260954/tools/bin/../lib/gcc/arm-none-eabi/10.3.1/thumb/v7e-m+fp/hard/crtn.o
OUTPUT(STM32F4HUB.elf elf32-littlearm)
LOAD linker stubs
LOAD /opt/st/stm32cubeide_1.11.0/plugins/com.st.stm32cube.ide.mcu.externaltools.gnu-tools-for-stm32.10.3-2021.10.linux64_1.0.100.202210260954/tools/bin/../lib/gcc/arm-none-eabi/10.3.1/../../../../arm-none-eabi/lib/thumb/v7e-m+fp/hard/libc.a
LOAD /opt/st/stm32cubeide_1.11.0/plugins/com.st.stm32cube.ide.mcu.externaltools.gnu-tools-for-stm32.10.3-2021.10.linux64_1.0.100.202210260954/tools/bin/../lib/gcc/arm-none-eabi/10.3.1/../../../../arm-none-eabi/lib/thumb/v7e-m+fp/hard/libm.a
LOAD /opt/st/stm32cubeide_1.11.0/plugins/com.st.stm32cube.ide.mcu.externaltools.gnu-tools-for-stm32.10.3-2021.10.linux64_1.0.100.202210260954/tools/bin/../lib/gcc/arm-none-eabi/10.3.1/thumb/v7e-m+fp/hard/libgcc.a

.comment        0x0000000000000000       0x50
 .comment       0x0000000000000000       0x50 ./HAL_Driver/Src/stm32f4xx_hal.o
                                         0x51 (size before relaxing)
 .comment       0x0000000000000050       0x51 ./HAL_Driver/Src/stm32f4xx_hal_cortex.o
 .comment       0x0000000000000050       0x51 ./HAL_Driver/Src/stm32f4xx_hal_gpio.o
 .comment       0x0000000000000050       0x51 ./HAL_Driver/Src/stm32f4xx_hal_hcd.o
 .comment       0x0000000000000050       0x51 ./HAL_Driver/Src/stm32f4xx_hal_rcc.o
 .comment       0x0000000000000050       0x51 ./HAL_Driver/Src/stm32f4xx_hal_uart.o
 .comment       0x0000000000000050       0x51 ./HAL_Driver/Src/stm32f4xx_ll_usb.o
 .comment       0x0000000000000050       0x51 ./Middlewares/ST/STM32_USB_Host_Library/Class/HID/Src/usbh_hid.o
 .comment       0x0000000000000050       0x51 ./Middlewares/ST/STM32_USB_Host_Library/Class/HID/Src/usbh_hid_keybd.o
 .comment       0x0000000000000050       0x51 ./Middlewares/ST/STM32_USB_Host_Library/Class/HID/Src/usbh_hid_mouse.o
 .comment       0x0000000000000050       0x51 ./Middlewares/ST/STM32_USB_Host_Library/Class/HID/Src/usbh_hid_parser.o
 .comment       0x0000000000000050       0x51 ./Middlewares/ST/STM32_USB_Host_Library/Class/HUB/usbh_hub.o
 .comment       0x0000000000000050       0x51 ./Middlewares/ST/STM32_USB_Host_Library/Core/Src/usbh_core.o
 .comment       0x0000000000000050       0x51 ./Middlewares/ST/STM32_USB_Host_Library/Core/Src/usbh_ctlreq.o
 .comment       0x0000000000000050       0x51 ./Middlewares/ST/STM32_USB_Host_Library/Core/Src/usbh_ioreq.o
 .comment       0x0000000000000050       0x51 ./Middlewares/ST/STM32_USB_Host_Library/Core/Src/usbh_pipes.o
 .comment       0x0000000000000050       0x51 ./Utilities/STM32F4-Diymore/stm32f4_diymore.o
 .comment       0x0000000000000050       0x51 ./src/log.o
 .comment       0x0000000000000050       0x51 ./src/main.o
 .comment       0x0000000000000050       0x51 ./src/stm32f4xx_it.o
 .comment       0x0000000000000050       0x51 ./src/syscalls.o
 .comment       0x0000000000000050       0x51 ./src/system_stm32f4xx.o
 .comment       0x0000000000000050       0x51 ./src/usbh_conf.o

.debug_frame    0x0000000000000000      0x4b0
 .debug_frame   0x0000000000000000       0x20 /opt/st/stm32cubeide_1.11.0/plugins/com.st.stm32cube.ide.mcu.externaltools.gnu-tools-for-stm32.10.3-2021.10.linux64_1.0.100.202210260954/tools/bin/../lib/gcc/arm-none-eabi/10.3.1/../../../../arm-none-eabi/lib/thumb/v7e-m+fp/hard/libc_nano.a(lib_a-calloc.o)
 .debug_frame   0x0000000000000020       0x20 /opt/st/stm32cubeide_1.11.0/plugins/com.st.stm32cube.ide.mcu.externaltools.gnu-tools-for-stm32.10.3-2021.10.linux64_1.0.100.202210260954/tools/bin/../lib/gcc/arm-none-eabi/10.3.1/../../../../arm-none-eabi/lib/thumb/v7e-m+fp/hard/libc_nano.a(lib_a-errno.o)
 .debug_frame   0x0000000000000040       0x2c /opt/st/stm32cubeide_1.11.0/plugins/com.st.stm32cube.ide.mcu.externaltools.gnu-tools-for-stm32.10.3-2021.10.linux64_1.0.100.202210260954/tools/bin/../lib/gcc/arm-none-eabi/10.3.1/../../../../arm-none-eabi/lib/thumb/v7e-m+fp/hard/libc_nano.a(lib_a-init.o)
 .debug_frame   0x000000000000006c       0x30 /opt/st/stm32cubeide_1.11.0/plugins/com.st.stm32cube.ide.mcu.externaltools.gnu-tools-for-stm32.10.3-2021.10.linux64_1.0.100.202210260954/tools/bin/../lib/gcc/arm-none-eabi/10.3.1/../../../../arm-none-eabi/lib/thumb/v7e-m+fp/hard/libc_nano.a(lib_a-malloc.o)
 .debug_frame   0x000000000000009c       0x20 /opt/st/stm32cubeide_1.11.0/plugins/com.st.stm32cube.ide.mcu.externaltools.gnu-tools-for-stm32.10.3-2021.10.linux64_1.0.100.202210260954/tools/bin/../lib/gcc/arm-none-eabi/10.3.1/../../../../arm-none-eabi/lib/thumb/v7e-m+fp/hard/libc_nano.a(lib_a-memset.o)
 .debug_frame   0x00000000000000bc       0x30 /opt/st/stm32cubeide_1.11.0/plugins/com.st.stm32cube.ide.mcu.externaltools.gnu-tools-for-stm32.10.3-2021.10.linux64_1.0.100.202210260954/tools/bin/../lib/gcc/arm-none-eabi/10.3.1/../../../../arm-none-eabi/lib/thumb/v7e-m+fp/hard/libc_nano.a(lib_a-nano-callocr.o)
 .debug_frame   0x00000000000000ec       0x38 /opt/st/stm32cubeide_1.11.0/plugins/com.st.stm32cube.ide.mcu.externaltools.gnu-tools-for-stm32.10.3-2021.10.linux64_1.0.100.202210260954/tools/bin/../lib/gcc/arm-none-eabi/10.3.1/../../../../arm-none-eabi/lib/thumb/v7e-m+fp/hard/libc_nano.a(lib_a-nano-freer.o)
 .debug_frame   0x0000000000000124       0x4c /opt/st/stm32cubeide_1.11.0/plugins/com.st.stm32cube.ide.mcu.externaltools.gnu-tools-for-stm32.10.3-2021.10.linux64_1.0.100.202210260954/tools/bin/../lib/gcc/arm-none-eabi/10.3.1/../../../../arm-none-eabi/lib/thumb/v7e-m+fp/hard/libc_nano.a(lib_a-nano-mallocr.o)
 .debug_frame   0x0000000000000170       0x2c /opt/st/stm32cubeide_1.11.0/plugins/com.st.stm32cube.ide.mcu.externaltools.gnu-tools-for-stm32.10.3-2021.10.linux64_1.0.100.202210260954/tools/bin/../lib/gcc/arm-none-eabi/10.3.1/../../../../arm-none-eabi/lib/thumb/v7e-m+fp/hard/libc_nano.a(lib_a-sbrkr.o)
 .debug_frame   0x000000000000019c       0x3c /opt/st/stm32cubeide_1.11.0/plugins/com.st.stm32cube.ide.mcu.externaltools.gnu-tools-for-stm32.10.3-2021.10.linux64_1.0.100.202210260954/tools/bin/../lib/gcc/arm-none-eabi/10.3.1/../../../../arm-none-eabi/lib/thumb/v7e-m+fp/hard/libc_nano.a(lib_a-vsprintf.o)
 .debug_frame   0x00000000000001d8       0x30 /opt/st/stm32cubeide_1.11.0/plugins/com.st.stm32cube.ide.mcu.externaltools.gnu-tools-for-stm32.10.3-2021.10.linux64_1.0.100.202210260954/tools/bin/../lib/gcc/arm-none-eabi/10.3.1/../../../../arm-none-eabi/lib/thumb/v7e-m+fp/hard/libc_nano.a(lib_a-mlock.o)
 .debug_frame   0x0000000000000208       0x90 /opt/st/stm32cubeide_1.11.0/plugins/com.st.stm32cube.ide.mcu.externaltools.gnu-tools-for-stm32.10.3-2021.10.linux64_1.0.100.202210260954/tools/bin/../lib/gcc/arm-none-eabi/10.3.1/../../../../arm-none-eabi/lib/thumb/v7e-m+fp/hard/libc_nano.a(lib_a-nano-svfprintf.o)
 .debug_frame   0x0000000000000298       0x60 /opt/st/stm32cubeide_1.11.0/plugins/com.st.stm32cube.ide.mcu.externaltools.gnu-tools-for-stm32.10.3-2021.10.linux64_1.0.100.202210260954/tools/bin/../lib/gcc/arm-none-eabi/10.3.1/../../../../arm-none-eabi/lib/thumb/v7e-m+fp/hard/libc_nano.a(lib_a-nano-vfprintf_i.o)
 .debug_frame   0x00000000000002f8       0x5c /opt/st/stm32cubeide_1.11.0/plugins/com.st.stm32cube.ide.mcu.externaltools.gnu-tools-for-stm32.10.3-2021.10.linux64_1.0.100.202210260954/tools/bin/../lib/gcc/arm-none-eabi/10.3.1/../../../../arm-none-eabi/lib/thumb/v7e-m+fp/hard/libc_nano.a(lib_a-reent.o)
 .debug_frame   0x0000000000000354       0xb0 /opt/st/stm32cubeide_1.11.0/plugins/com.st.stm32cube.ide.mcu.externaltools.gnu-tools-for-stm32.10.3-2021.10.linux64_1.0.100.202210260954/tools/bin/../lib/gcc/arm-none-eabi/10.3.1/../../../../arm-none-eabi/lib/thumb/v7e-m+fp/hard/libc_nano.a(lib_a-lock.o)
 .debug_frame   0x0000000000000404       0x28 /opt/st/stm32cubeide_1.11.0/plugins/com.st.stm32cube.ide.mcu.externaltools.gnu-tools-for-stm32.10.3-2021.10.linux64_1.0.100.202210260954/tools/bin/../lib/gcc/arm-none-eabi/10.3.1/../../../../arm-none-eabi/lib/thumb/v7e-m+fp/hard/libc_nano.a(lib_a-memcpy-stub.o)
 .debug_frame   0x000000000000042c       0x28 /opt/st/stm32cubeide_1.11.0/plugins/com.st.stm32cube.ide.mcu.externaltools.gnu-tools-for-stm32.10.3-2021.10.linux64_1.0.100.202210260954/tools/bin/../lib/gcc/arm-none-eabi/10.3.1/../../../../arm-none-eabi/lib/thumb/v7e-m+fp/hard/libc_nano.a(lib_a-memmove.o)
 .debug_frame   0x0000000000000454       0x3c /opt/st/stm32cubeide_1.11.0/plugins/com.st.stm32cube.ide.mcu.externaltools.gnu-tools-for-stm32.10.3-2021.10.linux64_1.0.100.202210260954/tools/bin/../lib/gcc/arm-none-eabi/10.3.1/../../../../arm-none-eabi/lib/thumb/v7e-m+fp/hard/libc_nano.a(lib_a-nano-reallocr.o)
 .debug_frame   0x0000000000000490       0x20 /opt/st/stm32cubeide_1.11.0/plugins/com.st.stm32cube.ide.mcu.externaltools.gnu-tools-for-stm32.10.3-2021.10.linux64_1.0.100.202210260954/tools/bin/../lib/gcc/arm-none-eabi/10.3.1/../../../../arm-none-eabi/lib/thumb/v7e-m+fp/hard/libc_nano.a(lib_a-nano-msizer.o)
